Archive member included to satisfy reference by file (symbol)

c:/programdata/gcc-arm-none-eabi-10.3-2021.10/bin/../lib/gcc/arm-none-eabi/10.3.1/thumb/v7e-m/nofp\libgcc.a(_arm_muldf3.o)
                              CMakeFiles/AD7606test.elf.dir/Core/Src/TFTc/TFT_CAD.c.obj (__aeabi_dmul)
c:/programdata/gcc-arm-none-eabi-10.3-2021.10/bin/../lib/gcc/arm-none-eabi/10.3.1/thumb/v7e-m/nofp\libgcc.a(_arm_mulsf3.o)
                              CMakeFiles/AD7606test.elf.dir/Core/Src/TFTc/TFT_CAD.c.obj (__aeabi_fmul)
c:/programdata/gcc-arm-none-eabi-10.3-2021.10/bin/../lib/gcc/arm-none-eabi/10.3.1/thumb/v7e-m/nofp\libgcc.a(_arm_addsubdf3.o)
                              CMakeFiles/AD7606test.elf.dir/Core/Src/TFTc/TFT_CAD.c.obj (__aeabi_i2d)
c:/programdata/gcc-arm-none-eabi-10.3-2021.10/bin/../lib/gcc/arm-none-eabi/10.3.1/thumb/v7e-m/nofp\libgcc.a(_arm_fixunsdfsi.o)
                              CMakeFiles/AD7606test.elf.dir/Core/Src/TFTc/TFT_CAD.c.obj (__aeabi_d2uiz)
c:/programdata/gcc-arm-none-eabi-10.3-2021.10/bin/../lib/gcc/arm-none-eabi/10.3.1/thumb/v7e-m/nofp\libgcc.a(_arm_truncdfsf2.o)
                              CMakeFiles/AD7606test.elf.dir/Core/Src/myAD7606.c.obj (__aeabi_d2f)
c:/programdata/gcc-arm-none-eabi-10.3-2021.10/bin/../lib/gcc/arm-none-eabi/10.3.1/thumb/v7e-m/nofp\libgcc.a(_arm_addsubsf3.o)
                              CMakeFiles/AD7606test.elf.dir/Core/Src/TFTc/TFT_CAD.c.obj (__aeabi_fsub)
c:/programdata/gcc-arm-none-eabi-10.3-2021.10/bin/../lib/gcc/arm-none-eabi/10.3.1/thumb/v7e-m/nofp\libgcc.a(_arm_muldivsf3.o)
                              CMakeFiles/AD7606test.elf.dir/Core/Src/TFTc/TFT_CAD.c.obj (__aeabi_fdiv)
c:/programdata/gcc-arm-none-eabi-10.3-2021.10/bin/../lib/gcc/arm-none-eabi/10.3.1/thumb/v7e-m/nofp\libgcc.a(_arm_fixunssfsi.o)
                              CMakeFiles/AD7606test.elf.dir/Core/Src/TFTc/TFT_CAD.c.obj (__aeabi_f2uiz)
c:/programdata/gcc-arm-none-eabi-10.3-2021.10/bin/../lib/gcc/arm-none-eabi/10.3.1/thumb/v7e-m/nofp\libgcc.a(_aeabi_uldivmod.o)
                              CMakeFiles/AD7606test.elf.dir/Drivers/STM32H7xx_HAL_Driver/Src/stm32h7xx_hal_uart.c.obj (__aeabi_uldivmod)
c:/programdata/gcc-arm-none-eabi-10.3-2021.10/bin/../lib/gcc/arm-none-eabi/10.3.1/thumb/v7e-m/nofp\libgcc.a(_udivmoddi4.o)
                              c:/programdata/gcc-arm-none-eabi-10.3-2021.10/bin/../lib/gcc/arm-none-eabi/10.3.1/thumb/v7e-m/nofp\libgcc.a(_aeabi_uldivmod.o) (__udivmoddi4)
c:/programdata/gcc-arm-none-eabi-10.3-2021.10/bin/../lib/gcc/arm-none-eabi/10.3.1/thumb/v7e-m/nofp\libgcc.a(_dvmd_tls.o)
                              c:/programdata/gcc-arm-none-eabi-10.3-2021.10/bin/../lib/gcc/arm-none-eabi/10.3.1/thumb/v7e-m/nofp\libgcc.a(_aeabi_uldivmod.o) (__aeabi_ldiv0)
c:/programdata/gcc-arm-none-eabi-10.3-2021.10/bin/../lib/gcc/arm-none-eabi/10.3.1/../../../../arm-none-eabi/lib/thumb/v7e-m/nofp\libg.a(lib_a-errno.o)
                              CMakeFiles/AD7606test.elf.dir/Core/Src/syscalls.c.obj (__errno)
c:/programdata/gcc-arm-none-eabi-10.3-2021.10/bin/../lib/gcc/arm-none-eabi/10.3.1/../../../../arm-none-eabi/lib/thumb/v7e-m/nofp\libg.a(lib_a-exit.o)
                              c:/programdata/gcc-arm-none-eabi-10.3-2021.10/bin/../lib/gcc/arm-none-eabi/10.3.1/../../../../arm-none-eabi/lib/thumb/v7e-m/nofp/crt0.o (exit)
c:/programdata/gcc-arm-none-eabi-10.3-2021.10/bin/../lib/gcc/arm-none-eabi/10.3.1/../../../../arm-none-eabi/lib/thumb/v7e-m/nofp\libg.a(lib_a-impure.o)
                              c:/programdata/gcc-arm-none-eabi-10.3-2021.10/bin/../lib/gcc/arm-none-eabi/10.3.1/../../../../arm-none-eabi/lib/thumb/v7e-m/nofp\libg.a(lib_a-exit.o) (_global_impure_ptr)
c:/programdata/gcc-arm-none-eabi-10.3-2021.10/bin/../lib/gcc/arm-none-eabi/10.3.1/../../../../arm-none-eabi/lib/thumb/v7e-m/nofp\libg.a(lib_a-init.o)
                              c:/programdata/gcc-arm-none-eabi-10.3-2021.10/bin/../lib/gcc/arm-none-eabi/10.3.1/../../../../arm-none-eabi/lib/thumb/v7e-m/nofp/crt0.o (__libc_init_array)
c:/programdata/gcc-arm-none-eabi-10.3-2021.10/bin/../lib/gcc/arm-none-eabi/10.3.1/../../../../arm-none-eabi/lib/thumb/v7e-m/nofp\libg.a(lib_a-malloc.o)
                              CMakeFiles/AD7606test.elf.dir/Core/Src/TFTc/TFT_io.c.obj (malloc)
c:/programdata/gcc-arm-none-eabi-10.3-2021.10/bin/../lib/gcc/arm-none-eabi/10.3.1/../../../../arm-none-eabi/lib/thumb/v7e-m/nofp\libg.a(lib_a-mallocr.o)
                              c:/programdata/gcc-arm-none-eabi-10.3-2021.10/bin/../lib/gcc/arm-none-eabi/10.3.1/../../../../arm-none-eabi/lib/thumb/v7e-m/nofp\libg.a(lib_a-malloc.o) (_malloc_r)
c:/programdata/gcc-arm-none-eabi-10.3-2021.10/bin/../lib/gcc/arm-none-eabi/10.3.1/../../../../arm-none-eabi/lib/thumb/v7e-m/nofp\libg.a(lib_a-memset.o)
                              c:/programdata/gcc-arm-none-eabi-10.3-2021.10/bin/../lib/gcc/arm-none-eabi/10.3.1/../../../../arm-none-eabi/lib/thumb/v7e-m/nofp/crt0.o (memset)
[...]
Memory Configuration

Name             Origin             Length             Attributes
FLASH            0x08000000         0x00200000         xr
DTCMRAM          0x20000000         0x00020000         xrw
RAM_D1           0x24000000         0x00080000         xrw
RAM_D2           0x30000000         0x00048000         xrw
RAM_D3           0x38000000         0x00010000         xrw
ITCMRAM          0x00000000         0x00010000         xrw
*default*        0x00000000         0xffffffff

Linker script and memory map

LOAD c:/programdata/gcc-arm-none-eabi-10.3-2021.10/bin/../lib/gcc/arm-none-eabi/10.3.1/thumb/v7e-m/nofp/crti.o
LOAD c:/programdata/gcc-arm-none-eabi-10.3-2021.10/bin/../lib/gcc/arm-none-eabi/10.3.1/thumb/v7e-m/nofp/crtbegin.o
LOAD c:/programdata/gcc-arm-none-eabi-10.3-2021.10/bin/../lib/gcc/arm-none-eabi/10.3.1/../../../../arm-none-eabi/lib/thumb/v7e-m/nofp/crt0.o
LOAD CMakeFiles/AD7606test.elf.dir/Core/Src/TFTc/TFT_CAD.c.obj
LOAD CMakeFiles/AD7606test.elf.dir/Core/Src/TFTc/TFT_init.c.obj
LOAD CMakeFiles/AD7606test.elf.dir/Core/Src/TFTc/TFT_io.c.obj
LOAD CMakeFiles/AD7606test.elf.dir/Core/Src/TFTc/TFT_text.c.obj
LOAD CMakeFiles/AD7606test.elf.dir/Core/Src/TFTc/font.c.obj
LOAD CMakeFiles/AD7606test.elf.dir/Core/Src/gpio.c.obj
LOAD CMakeFiles/AD7606test.elf.dir/Core/Src/main.c.obj
LOAD CMakeFiles/AD7606test.elf.dir/Core/Src/memorymap.c.obj
LOAD CMakeFiles/AD7606test.elf.dir/Core/Src/myAD7606.c.obj
LOAD CMakeFiles/AD7606test.elf.dir/Core/Src/spi.c.obj
LOAD CMakeFiles/AD7606test.elf.dir/Core/Src/stm32h7xx_hal_msp.c.obj
LOAD CMakeFiles/AD7606test.elf.dir/Core/Src/stm32h7xx_it.c.obj
LOAD CMakeFiles/AD7606test.elf.dir/Core/Src/syscalls.c.obj
LOAD CMakeFiles/AD7606test.elf.dir/Core/Src/sysmem.c.obj
LOAD CMakeFiles/AD7606test.elf.dir/Core/Src/system_stm32h7xx.c.obj
LOAD CMakeFiles/AD7606test.elf.dir/Core/Src/tim.c.obj
LOAD CMakeFiles/AD7606test.elf.dir/Core/Src/usart.c.obj
LOAD CMakeFiles/AD7606test.elf.dir/Core/Startup/startup_stm32h743vitx.s.obj
LOAD CMakeFiles/AD7606test.elf.dir/Drivers/STM32H7xx_HAL_Driver/Src/stm32h7xx_hal.c.obj
LOAD CMakeFiles/AD7606test.elf.dir/Drivers/STM32H7xx_HAL_Driver/Src/stm32h7xx_hal_cortex.c.obj
LOAD CMakeFiles/AD7606test.elf.dir/Drivers/STM32H7xx_HAL_Driver/Src/stm32h7xx_hal_dma.c.obj
LOAD CMakeFiles/AD7606test.elf.dir/Drivers/STM32H7xx_HAL_Driver/Src/stm32h7xx_hal_dma_ex.c.obj
LOAD CMakeFiles/AD7606test.elf.dir/Drivers/STM32H7xx_HAL_Driver/Src/stm32h7xx_hal_exti.c.obj
LOAD CMakeFiles/AD7606test.elf.dir/Drivers/STM32H7xx_HAL_Driver/Src/stm32h7xx_hal_flash.c.obj
LOAD CMakeFiles/AD7606test.elf.dir/Drivers/STM32H7xx_HAL_Driver/Src/stm32h7xx_hal_flash_ex.c.obj
LOAD CMakeFiles/AD7606test.elf.dir/Drivers/STM32H7xx_HAL_Driver/Src/stm32h7xx_hal_gpio.c.obj
LOAD CMakeFiles/AD7606test.elf.dir/Drivers/STM32H7xx_HAL_Driver/Src/stm32h7xx_hal_hsem.c.obj
LOAD CMakeFiles/AD7606test.elf.dir/Drivers/STM32H7xx_HAL_Driver/Src/stm32h7xx_hal_i2c.c.obj
LOAD CMakeFiles/AD7606test.elf.dir/Drivers/STM32H7xx_HAL_Driver/Src/stm32h7xx_hal_i2c_ex.c.obj
LOAD CMakeFiles/AD7606test.elf.dir/Drivers/STM32H7xx_HAL_Driver/Src/stm32h7xx_hal_mdma.c.obj
LOAD CMakeFiles/AD7606test.elf.dir/Drivers/STM32H7xx_HAL_Driver/Src/stm32h7xx_hal_pwr.c.obj
LOAD CMakeFiles/AD7606test.elf.dir/Drivers/STM32H7xx_HAL_Driver/Src/stm32h7xx_hal_pwr_ex.c.obj
LOAD CMakeFiles/AD7606test.elf.dir/Drivers/STM32H7xx_HAL_Driver/Src/stm32h7xx_hal_rcc.c.obj
LOAD CMakeFiles/AD7606test.elf.dir/Drivers/STM32H7xx_HAL_Driver/Src/stm32h7xx_hal_rcc_ex.c.obj
LOAD CMakeFiles/AD7606test.elf.dir/Drivers/STM32H7xx_HAL_Driver/Src/stm32h7xx_hal_spi.c.obj
LOAD CMakeFiles/AD7606test.elf.dir/Drivers/STM32H7xx_HAL_Driver/Src/stm32h7xx_hal_spi_ex.c.obj
LOAD CMakeFiles/AD7606test.elf.dir/Drivers/STM32H7xx_HAL_Driver/Src/stm32h7xx_hal_tim.c.obj
LOAD CMakeFiles/AD7606test.elf.dir/Drivers/STM32H7xx_HAL_Driver/Src/stm32h7xx_hal_tim_ex.c.obj
LOAD CMakeFiles/AD7606test.elf.dir/Drivers/STM32H7xx_HAL_Driver/Src/stm32h7xx_hal_uart.c.obj
LOAD CMakeFiles/AD7606test.elf.dir/Drivers/STM32H7xx_HAL_Driver/Src/stm32h7xx_hal_uart_ex.c.obj
START GROUP
LOAD c:/programdata/gcc-arm-none-eabi-10.3-2021.10/bin/../lib/gcc/arm-none-eabi/10.3.1/thumb/v7e-m/nofp\libgcc.a
LOAD c:/programdata/gcc-arm-none-eabi-10.3-2021.10/bin/../lib/gcc/arm-none-eabi/10.3.1/../../../../arm-none-eabi/lib/thumb/v7e-m/nofp\libg.a
LOAD c:/programdata/gcc-arm-none-eabi-10.3-2021.10/bin/../lib/gcc/arm-none-eabi/10.3.1/../../../../arm-none-eabi/lib/thumb/v7e-m/nofp\libc.a
END GROUP
LOAD c:/programdata/gcc-arm-none-eabi-10.3-2021.10/bin/../lib/gcc/arm-none-eabi/10.3.1/thumb/v7e-m/nofp/crtend.o
LOAD c:/programdata/gcc-arm-none-eabi-10.3-2021.10/bin/../lib/gcc/arm-none-eabi/10.3.1/thumb/v7e-m/nofp/crtn.o
                0x24080000                _estack = (ORIGIN (RAM_D1) + LENGTH (RAM_D1))
                0x00000200                _Min_Heap_Size = 0x200
                0x00000400                _Min_Stack_Size = 0x400

.isr_vector     0x08000000      0x298
                0x08000000                . = ALIGN (0x4)
 *(.isr_vector)
 .isr_vector    0x08000000      0x298 CMakeFiles/AD7606test.elf.dir/Core/Startup/startup_stm32h743vitx.s.obj
                0x08000000                g_pfnVectors
                0x08000298                . = ALIGN (0x4)

.text           0x080002c0     0xcf5c
                0x080002c0                . = ALIGN (0x4)
 *(.text)
 .text          0x080002c0       0x40 c:/programdata/gcc-arm-none-eabi-10.3-2021.10/bin/../lib/gcc/arm-none-eabi/10.3.1/thumb/v7e-m/nofp/crtbegin.o
 .text          0x08000300      0x378 c:/programdata/gcc-arm-none-eabi-10.3-2021.10/bin/../lib/gcc/arm-none-eabi/10.3.1/thumb/v7e-m/nofp\libgcc.a(_arm_addsubdf3.o)
                0x08000300                __aeabi_drsub
                0x08000308                __aeabi_dsub
                0x08000308                __subdf3
                0x0800030c                __aeabi_dadd
                0x0800030c                __adddf3
                0x08000584                __floatunsidf
                0x08000584                __aeabi_ui2d
                0x080005a4                __floatsidf
                0x080005a4                __aeabi_i2d
                0x080005c8                __aeabi_f2d
                0x080005c8                __extendsfdf2
                0x0800060c                __floatundidf
                0x0800060c                __aeabi_ul2d
                0x0800061c                __floatdidf
                0x0800061c                __aeabi_l2d
 .text          0x08000678       0xa0 c:/programdata/gcc-arm-none-eabi-10.3-2021.10/bin/../lib/gcc/arm-none-eabi/10.3.1/thumb/v7e-m/nofp\libgcc.a(_arm_truncdfsf2.o)
                0x08000678                __truncdfsf2
                0x08000678                __aeabi_d2f
 .text          0x08000718      0x21c c:/programdata/gcc-arm-none-eabi-10.3-2021.10/bin/../lib/gcc/arm-none-eabi/10.3.1/thumb/v7e-m/nofp\libgcc.a(_arm_addsubsf3.o)
                0x08000718                __aeabi_frsub
                0x08000720                __subsf3
                0x08000720                __aeabi_fsub
                0x08000724                __aeabi_fadd
                0x08000724                __addsf3
                0x08000884                __aeabi_ui2f
                0x08000884                __floatunsisf
                0x0800088c                __aeabi_i2f
                0x0800088c                __floatsisf
                0x080008a8                __aeabi_ul2f
                0x080008a8                __floatundisf
                0x080008b8                __aeabi_l2f
                0x080008b8                __floatdisf
 .text          0x08000934      0x2a0 c:/programdata/gcc-arm-none-eabi-10.3-2021.10/bin/../lib/gcc/arm-none-eabi/10.3.1/thumb/v7e-m/nofp\libgcc.a(_arm_muldivsf3.o)
                0x08000934                __mulsf3
                0x08000934                __aeabi_fmul
                0x08000a9c                __aeabi_fdiv
                0x08000a9c                __divsf3
 .text          0x08000bd4       0x40 c:/programdata/gcc-arm-none-eabi-10.3-2021.10/bin/../lib/gcc/arm-none-eabi/10.3.1/thumb/v7e-m/nofp\libgcc.a(_arm_fixunssfsi.o)
                0x08000bd4                __fixunssfsi
                0x08000bd4                __aeabi_f2uiz
 .text          0x08000c14       0x30 c:/programdata/gcc-arm-none-eabi-10.3-2021.10/bin/../lib/gcc/arm-none-eabi/10.3.1/thumb/v7e-m/nofp\libgcc.a(_aeabi_uldivmod.o)
                0x08000c14                __aeabi_uldivmod
 .text          0x08000c44      0x2d0 c:/programdata/gcc-arm-none-eabi-10.3-2021.10/bin/../lib/gcc/arm-none-eabi/10.3.1/thumb/v7e-m/nofp\libgcc.a(_udivmoddi4.o)
                0x08000c44                __udivmoddi4
 .text          0x08000f14        0x4 c:/programdata/gcc-arm-none-eabi-10.3-2021.10/bin/../lib/gcc/arm-none-eabi/10.3.1/thumb/v7e-m/nofp\libgcc.a(_dvmd_tls.o)
                0x08000f14                __aeabi_idiv0
                0x08000f14                __aeabi_ldiv0
 *fill*         0x08000f18        0x8 
 .text          0x08000f20       0xa0 c:/programdata/gcc-arm-none-eabi-10.3-2021.10/bin/../lib/gcc/arm-none-eabi/10.3.1/../../../../arm-none-eabi/lib/thumb/v7e-m/nofp\libg.a(lib_a-memchr.o)
                0x08000f20                memchr
 .text          0x08000fc0      0x134 c:/programdata/gcc-arm-none-eabi-10.3-2021.10/bin/../lib/gcc/arm-none-eabi/10.3.1/../../../../arm-none-eabi/lib/thumb/v7e-m/nofp\libg.a(lib_a-memcpy.o)
                0x08000fc0                memcpy
 *fill*         0x080010f4        0xc 
 .text          0x08001100       0xdc c:/programdata/gcc-arm-none-eabi-10.3-2021.10/bin/../lib/gcc/arm-none-eabi/10.3.1/../../../../arm-none-eabi/lib/thumb/v7e-m/nofp\libg.a(lib_a-strlen.o)
                0x08001100                strlen
 .text          0x080011dc      0x424 c:/programdata/gcc-arm-none-eabi-10.3-2021.10/bin/../lib/gcc/arm-none-eabi/10.3.1/thumb/v7e-m/nofp\libgcc.a(_arm_muldivdf3.o)
                0x080011dc                __aeabi_dmul
                0x080011dc                __muldf3
                0x08001430                __divdf3
                0x08001430                __aeabi_ddiv
 .text          0x08001600      0x110 c:/programdata/gcc-arm-none-eabi-10.3-2021.10/bin/../lib/gcc/arm-none-eabi/10.3.1/thumb/v7e-m/nofp\libgcc.a(_arm_cmpdf2.o)
                0x08001600                __gtdf2
                0x08001600                __gedf2
                0x08001608                __ltdf2
                0x08001608                __ledf2
                0x08001610                __nedf2
                0x08001610                __eqdf2
                0x08001610                __cmpdf2
                0x0800168c                __aeabi_cdrcmple
                0x0800169c                __aeabi_cdcmpeq
                0x0800169c                __aeabi_cdcmple
                0x080016ac                __aeabi_dcmpeq
                0x080016c0                __aeabi_dcmplt
                0x080016d4                __aeabi_dcmple
                0x080016e8                __aeabi_dcmpge
                0x080016fc                __aeabi_dcmpgt
 .text          0x08001710       0x2c c:/programdata/gcc-arm-none-eabi-10.3-2021.10/bin/../lib/gcc/arm-none-eabi/10.3.1/thumb/v7e-m/nofp\libgcc.a(_arm_unorddf2.o)
                0x08001710                __unorddf2
                0x08001710                __aeabi_dcmpun
 .text          0x0800173c       0x50 c:/programdata/gcc-arm-none-eabi-10.3-2021.10/bin/../lib/gcc/arm-none-eabi/10.3.1/thumb/v7e-m/nofp\libgcc.a(_arm_fixdfsi.o)
                0x0800173c                __aeabi_d2iz
                0x0800173c                __fixdfsi
 *(.text*)
 .text.TFT_Fill_Area
                0x0800178c       0x56 CMakeFiles/AD7606test.elf.dir/Core/Src/TFTc/TFT_CAD.c.obj
                0x0800178c                TFT_Fill_Area
 .text.TFT_Set_Direction
                0x080017e2       0x4a CMakeFiles/AD7606test.elf.dir/Core/Src/TFTc/TFT_init.c.obj
 .text.TFT_Init_ST7789v3
                0x0800182c      0x238 CMakeFiles/AD7606test.elf.dir/Core/Src/TFTc/TFT_init.c.obj
                0x0800182c                TFT_Init_ST7789v3
 .text.TFT_Register_Device
                0x08001a64       0x28 CMakeFiles/AD7606test.elf.dir/Core/Src/TFTc/TFT_io.c.obj
 .text.TFT_Wait_DMA_Transfer_Complete
                0x08001a8c       0x14 CMakeFiles/AD7606test.elf.dir/Core/Src/TFTc/TFT_io.c.obj
 .text.TFT_Init_Instance
                0x08001aa0       0x26 CMakeFiles/AD7606test.elf.dir/Core/Src/TFTc/TFT_io.c.obj
                0x08001aa0                TFT_Init_Instance
 .text.TFT_Config_Pins
                0x08001ac6       0x18 CMakeFiles/AD7606test.elf.dir/Core/Src/TFTc/TFT_io.c.obj
                0x08001ac6                TFT_Config_Pins
 .text.TFT_Config_Display
                0x08001ade        0xe CMakeFiles/AD7606test.elf.dir/Core/Src/TFTc/TFT_io.c.obj
                0x08001ade                TFT_Config_Display
 .text.TFT_Pin_RES_Set
                0x08001aec        0xe CMakeFiles/AD7606test.elf.dir/Core/Src/TFTc/TFT_io.c.obj
                0x08001aec                TFT_Pin_RES_Set
 .text.TFT_Pin_DC_Set
                0x08001afa        0xe CMakeFiles/AD7606test.elf.dir/Core/Src/TFTc/TFT_io.c.obj
                0x08001afa                TFT_Pin_DC_Set
 .text.TFT_Pin_CS_Set
                0x08001b08        0xe CMakeFiles/AD7606test.elf.dir/Core/Src/TFTc/TFT_io.c.obj
                0x08001b08                TFT_Pin_CS_Set
 .text.TFT_Pin_BLK_Set
                0x08001b16        0xe CMakeFiles/AD7606test.elf.dir/Core/Src/TFTc/TFT_io.c.obj
                0x08001b16                TFT_Pin_BLK_Set
 .text.TFT_Platform_SPI_Transmit_Blocking
                0x08001b24        0x8 CMakeFiles/AD7606test.elf.dir/Core/Src/TFTc/TFT_io.c.obj
                0x08001b24                TFT_Platform_SPI_Transmit_Blocking
 .text.TFT_Platform_SPI_Transmit_DMA_Start
                0x08001b2c        0x8 CMakeFiles/AD7606test.elf.dir/Core/Src/TFTc/TFT_io.c.obj
                0x08001b2c                TFT_Platform_SPI_Transmit_DMA_Start
 .text.TFT_SPI_Send
                0x08001b34       0x72 CMakeFiles/AD7606test.elf.dir/Core/Src/TFTc/TFT_io.c.obj
                0x08001b34                TFT_SPI_Send
 .text.TFT_Flush_Buffer
                0x08001ba6       0x1e CMakeFiles/AD7606test.elf.dir/Core/Src/TFTc/TFT_io.c.obj
                0x08001ba6                TFT_Flush_Buffer
 .text.TFT_Buffer_Write16
                0x08001bc4       0x38 CMakeFiles/AD7606test.elf.dir/Core/Src/TFTc/TFT_io.c.obj
                0x08001bc4                TFT_Buffer_Write16
 .text.TFT_Reset_Buffer
                0x08001bfc        0x8 CMakeFiles/AD7606test.elf.dir/Core/Src/TFTc/TFT_io.c.obj
                0x08001bfc                TFT_Reset_Buffer
 .text.TFT_IO_Init
                0x08001c04       0x42 CMakeFiles/AD7606test.elf.dir/Core/Src/TFTc/TFT_io.c.obj
                0x08001c04                TFT_IO_Init
 .text.TFT_Write_Data8
                0x08001c46       0x40 CMakeFiles/AD7606test.elf.dir/Core/Src/TFTc/TFT_io.c.obj
                0x08001c46                TFT_Write_Data8
 .text.TFT_Write_Data16
                0x08001c86       0x46 CMakeFiles/AD7606test.elf.dir/Core/Src/TFTc/TFT_io.c.obj
                0x08001c86                TFT_Write_Data16
 .text.TFT_Write_Command
                0x08001ccc       0x42 CMakeFiles/AD7606test.elf.dir/Core/Src/TFTc/TFT_io.c.obj
                0x08001ccc                TFT_Write_Command
 .text.TFT_Set_Address
                0x08001d0e       0xc0 CMakeFiles/AD7606test.elf.dir/Core/Src/TFTc/TFT_io.c.obj
                0x08001d0e                TFT_Set_Address
 *fill*         0x08001dce        0x2 
 .text.HAL_SPI_TxCpltCallback
                0x08001dd0       0x40 CMakeFiles/AD7606test.elf.dir/Core/Src/TFTc/TFT_io.c.obj
                0x08001dd0                HAL_SPI_TxCpltCallback
 .text._TFT_Draw_Glyph
                0x08001e10       0xc0 CMakeFiles/AD7606test.elf.dir/Core/Src/TFTc/TFT_text.c.obj
 .text.TFT_Show_Char
                0x08001ed0       0x74 CMakeFiles/AD7606test.elf.dir/Core/Src/TFTc/TFT_text.c.obj
                0x08001ed0                TFT_Show_Char
 .text.TFT_Show_String
                0x08001f44       0x70 CMakeFiles/AD7606test.elf.dir/Core/Src/TFTc/TFT_text.c.obj
                0x08001f44                TFT_Show_String
 .text.MX_GPIO_Init
                0x08001fb4      0x170 CMakeFiles/AD7606test.elf.dir/Core/Src/gpio.c.obj
                0x08001fb4                MX_GPIO_Init
 .text.MPU_Config
                0x08002124       0x52 CMakeFiles/AD7606test.elf.dir/Core/Src/main.c.obj
 *fill*         0x08002176        0x2 
 .text.TFT_Demo_Init
                0x08002178       0x60 CMakeFiles/AD7606test.elf.dir/Core/Src/main.c.obj
                0x08002178                TFT_Demo_Init
 .text.HAL_GPIO_EXTI_Callback
                0x080021d8       0x50 CMakeFiles/AD7606test.elf.dir/Core/Src/main.c.obj
                0x080021d8                HAL_GPIO_EXTI_Callback
 .text.Error_Handler
                0x08002228        0x4 CMakeFiles/AD7606test.elf.dir/Core/Src/main.c.obj
                0x08002228                Error_Handler
 .text.SystemClock_Config
                0x0800222c       0xc0 CMakeFiles/AD7606test.elf.dir/Core/Src/main.c.obj
                0x0800222c                SystemClock_Config
 .text.main     0x080022ec      0x160 CMakeFiles/AD7606test.elf.dir/Core/Src/main.c.obj
                0x080022ec                main
 .text.AD7606Reset
                0x0800244c       0x34 CMakeFiles/AD7606test.elf.dir/Core/Src/myAD7606.c.obj
 .text.AD7606Init
                0x08002480       0x18 CMakeFiles/AD7606test.elf.dir/Core/Src/myAD7606.c.obj
                0x08002480                AD7606Init
 .text.AD7606Start
                0x08002498       0x10 CMakeFiles/AD7606test.elf.dir/Core/Src/myAD7606.c.obj
                0x08002498                AD7606Start
 .text.AD7606Stop
                0x080024a8       0x20 CMakeFiles/AD7606test.elf.dir/Core/Src/myAD7606.c.obj
                0x080024a8                AD7606Stop
 .text.AD7606BusyIrqCallback
                0x080024c8       0x40 CMakeFiles/AD7606test.elf.dir/Core/Src/myAD7606.c.obj
                0x080024c8                AD7606BusyIrqCallback
 .text.AD7606ConvValue
                0x08002508       0x34 CMakeFiles/AD7606test.elf.dir/Core/Src/myAD7606.c.obj
                0x08002508                AD7606ConvValue
 .text.AD7606SetRange
                0x0800253c       0x24 CMakeFiles/AD7606test.elf.dir/Core/Src/myAD7606.c.obj
                0x0800253c                AD7606SetRange
 .text.MX_SPI2_Init
                0x08002560       0x60 CMakeFiles/AD7606test.elf.dir/Core/Src/spi.c.obj
                0x08002560                MX_SPI2_Init
 .text.MX_SPI3_Init
                0x080025c0       0x60 CMakeFiles/AD7606test.elf.dir/Core/Src/spi.c.obj
                0x080025c0                MX_SPI3_Init
 .text.HAL_SPI_MspInit
                0x08002620      0x13c CMakeFiles/AD7606test.elf.dir/Core/Src/spi.c.obj
                0x08002620                HAL_SPI_MspInit
 .text.HAL_MspInit
                0x0800275c       0x24 CMakeFiles/AD7606test.elf.dir/Core/Src/stm32h7xx_hal_msp.c.obj
                0x0800275c                HAL_MspInit
 .text.NMI_Handler
                0x08002780        0x2 CMakeFiles/AD7606test.elf.dir/Core/Src/stm32h7xx_it.c.obj
                0x08002780                NMI_Handler
 .text.HardFault_Handler
                0x08002782        0x2 CMakeFiles/AD7606test.elf.dir/Core/Src/stm32h7xx_it.c.obj
                0x08002782                HardFault_Handler
 .text.MemManage_Handler
                0x08002784        0x2 CMakeFiles/AD7606test.elf.dir/Core/Src/stm32h7xx_it.c.obj
                0x08002784                MemManage_Handler
 .text.BusFault_Handler
                0x08002786        0x2 CMakeFiles/AD7606test.elf.dir/Core/Src/stm32h7xx_it.c.obj
                0x08002786                BusFault_Handler
 .text.UsageFault_Handler
                0x08002788        0x2 CMakeFiles/AD7606test.elf.dir/Core/Src/stm32h7xx_it.c.obj
                0x08002788                UsageFault_Handler
 .text.SVC_Handler
                0x0800278a        0x2 CMakeFiles/AD7606test.elf.dir/Core/Src/stm32h7xx_it.c.obj
                0x0800278a                SVC_Handler
 .text.DebugMon_Handler
                0x0800278c        0x2 CMakeFiles/AD7606test.elf.dir/Core/Src/stm32h7xx_it.c.obj
                0x0800278c                DebugMon_Handler
 .text.PendSV_Handler
                0x0800278e        0x2 CMakeFiles/AD7606test.elf.dir/Core/Src/stm32h7xx_it.c.obj
                0x0800278e                PendSV_Handler
 .text.SysTick_Handler
                0x08002790        0x8 CMakeFiles/AD7606test.elf.dir/Core/Src/stm32h7xx_it.c.obj
                0x08002790                SysTick_Handler
 .text.EXTI3_IRQHandler
                0x08002798        0xa CMakeFiles/AD7606test.elf.dir/Core/Src/stm32h7xx_it.c.obj
                0x08002798                EXTI3_IRQHandler
 *fill*         0x080027a2        0x2 
 .text.TIM4_IRQHandler
                0x080027a4       0x10 CMakeFiles/AD7606test.elf.dir/Core/Src/stm32h7xx_it.c.obj
                0x080027a4                TIM4_IRQHandler
 .text._getpid  0x080027b4        0x4 CMakeFiles/AD7606test.elf.dir/Core/Src/syscalls.c.obj
                0x080027b4                _getpid
 .text._kill    0x080027b8       0x10 CMakeFiles/AD7606test.elf.dir/Core/Src/syscalls.c.obj
                0x080027b8                _kill
 .text._exit    0x080027c8        0xc CMakeFiles/AD7606test.elf.dir/Core/Src/syscalls.c.obj
                0x080027c8                _exit
 .text._read    0x080027d4       0x20 CMakeFiles/AD7606test.elf.dir/Core/Src/syscalls.c.obj
                0x080027d4                _read
 .text._write   0x080027f4       0x1c CMakeFiles/AD7606test.elf.dir/Core/Src/syscalls.c.obj
                0x080027f4                _write
 .text._close   0x08002810        0x6 CMakeFiles/AD7606test.elf.dir/Core/Src/syscalls.c.obj
                0x08002810                _close
 .text._fstat   0x08002816        0xa CMakeFiles/AD7606test.elf.dir/Core/Src/syscalls.c.obj
                0x08002816                _fstat
 .text._isatty  0x08002820        0x4 CMakeFiles/AD7606test.elf.dir/Core/Src/syscalls.c.obj
                0x08002820                _isatty
 .text._lseek   0x08002824        0x4 CMakeFiles/AD7606test.elf.dir/Core/Src/syscalls.c.obj
                0x08002824                _lseek
 .text._sbrk    0x08002828       0x48 CMakeFiles/AD7606test.elf.dir/Core/Src/sysmem.c.obj
                0x08002828                _sbrk
 .text.SystemInit
                0x08002870       0xe0 CMakeFiles/AD7606test.elf.dir/Core/Src/system_stm32h7xx.c.obj
                0x08002870                SystemInit
 .text.ExitRun0Mode
                0x08002950       0x1c CMakeFiles/AD7606test.elf.dir/Core/Src/system_stm32h7xx.c.obj
                0x08002950                ExitRun0Mode
 .text.MX_TIM4_Init
                0x0800296c       0x7c CMakeFiles/AD7606test.elf.dir/Core/Src/tim.c.obj
                0x0800296c                MX_TIM4_Init
 .text.HAL_TIM_PWM_MspInit
                0x080029e8       0x34 CMakeFiles/AD7606test.elf.dir/Core/Src/tim.c.obj
                0x080029e8                HAL_TIM_PWM_MspInit
 .text.HAL_TIM_OC_MspInit
                0x08002a1c       0x48 CMakeFiles/AD7606test.elf.dir/Core/Src/tim.c.obj
                0x08002a1c                HAL_TIM_OC_MspInit
 .text.HAL_TIM_MspPostInit
                0x08002a64       0x58 CMakeFiles/AD7606test.elf.dir/Core/Src/tim.c.obj
                0x08002a64                HAL_TIM_MspPostInit
 .text.MX_TIM3_Init
                0x08002abc       0x84 CMakeFiles/AD7606test.elf.dir/Core/Src/tim.c.obj
                0x08002abc                MX_TIM3_Init
 .text.MX_USART1_UART_Init
                0x08002b40       0x68 CMakeFiles/AD7606test.elf.dir/Core/Src/usart.c.obj
                0x08002b40                MX_USART1_UART_Init
 .text.HAL_UART_MspInit
                0x08002ba8       0x98 CMakeFiles/AD7606test.elf.dir/Core/Src/usart.c.obj
                0x08002ba8                HAL_UART_MspInit
 .text.Reset_Handler
                0x08002c40       0x54 CMakeFiles/AD7606test.elf.dir/Core/Startup/startup_stm32h743vitx.s.obj
                0x08002c40                Reset_Handler
 .text.Default_Handler
                0x08002c94        0x2 CMakeFiles/AD7606test.elf.dir/Core/Startup/startup_stm32h743vitx.s.obj
                0x08002c94                RTC_Alarm_IRQHandler
                0x08002c94                EXTI2_IRQHandler
                0x08002c94                TIM8_CC_IRQHandler
                0x08002c94                HRTIM1_Master_IRQHandler
                0x08002c94                UART8_IRQHandler
                0x08002c94                SPI4_IRQHandler
                0x08002c94                TIM1_CC_IRQHandler
                0x08002c94                BDMA_Channel6_IRQHandler
                0x08002c94                DMA2_Stream5_IRQHandler
                0x08002c94                HRTIM1_FLT_IRQHandler
                0x08002c94                JPEG_IRQHandler
                0x08002c94                DMA1_Stream5_IRQHandler
                0x08002c94                BDMA_Channel1_IRQHandler
                0x08002c94                HRTIM1_TIMD_IRQHandler
                0x08002c94                TAMP_STAMP_IRQHandler
                0x08002c94                LPTIM4_IRQHandler
                0x08002c94                TIM8_TRG_COM_TIM14_IRQHandler
                0x08002c94                LPTIM2_IRQHandler
                0x08002c94                DFSDM1_FLT1_IRQHandler
                0x08002c94                DMAMUX2_OVR_IRQHandler
                0x08002c94                TIM8_UP_TIM13_IRQHandler
                0x08002c94                I2C3_ER_IRQHandler
                0x08002c94                DFSDM1_FLT2_IRQHandler
                0x08002c94                MDMA_IRQHandler
                0x08002c94                LPTIM3_IRQHandler
                0x08002c94                HSEM1_IRQHandler
                0x08002c94                EXTI0_IRQHandler
                0x08002c94                I2C2_EV_IRQHandler
                0x08002c94                DMA1_Stream2_IRQHandler
                0x08002c94                FPU_IRQHandler
                0x08002c94                OTG_HS_WKUP_IRQHandler
                0x08002c94                FDCAN1_IT1_IRQHandler
                0x08002c94                LTDC_ER_IRQHandler
                0x08002c94                DMA2_Stream2_IRQHandler
                0x08002c94                HRTIM1_TIME_IRQHandler
                0x08002c94                SPI1_IRQHandler
                0x08002c94                TIM6_DAC_IRQHandler
                0x08002c94                DCMI_IRQHandler
                0x08002c94                HRTIM1_TIMC_IRQHandler
                0x08002c94                DMA2_Stream3_IRQHandler
                0x08002c94                SAI2_IRQHandler
                0x08002c94                DFSDM1_FLT3_IRQHandler
                0x08002c94                USART6_IRQHandler
                0x08002c94                TIM17_IRQHandler
                0x08002c94                USART3_IRQHandler
                0x08002c94                BDMA_Channel7_IRQHandler
                0x08002c94                LPTIM5_IRQHandler
                0x08002c94                UART5_IRQHandler
                0x08002c94                ADC3_IRQHandler
                0x08002c94                DMA2_Stream0_IRQHandler
                0x08002c94                BDMA_Channel2_IRQHandler
                0x08002c94                QUADSPI_IRQHandler
                0x08002c94                I2C1_EV_IRQHandler
                0x08002c94                DMA1_Stream6_IRQHandler
                0x08002c94                DMAMUX1_OVR_IRQHandler
                0x08002c94                DMA1_Stream1_IRQHandler
                0x08002c94                TIM16_IRQHandler
                0x08002c94                UART4_IRQHandler
                0x08002c94                BDMA_Channel5_IRQHandler
                0x08002c94                TIM3_IRQHandler
                0x08002c94                RCC_IRQHandler
                0x08002c94                TIM8_BRK_TIM12_IRQHandler
                0x08002c94                TIM1_TRG_COM_IRQHandler
                0x08002c94                Default_Handler
                0x08002c94                ECC_IRQHandler
                0x08002c94                CEC_IRQHandler
                0x08002c94                EXTI15_10_IRQHandler
                0x08002c94                BDMA_Channel0_IRQHandler
                0x08002c94                ADC_IRQHandler
                0x08002c94                DMA1_Stream7_IRQHandler
                0x08002c94                HRTIM1_TIMA_IRQHandler
                0x08002c94                SPI5_IRQHandler
                0x08002c94                TIM7_IRQHandler
                0x08002c94                SDMMC1_IRQHandler
                0x08002c94                TIM5_IRQHandler
                0x08002c94                DMA2_Stream7_IRQHandler
                0x08002c94                TIM15_IRQHandler
                0x08002c94                PVD_AVD_IRQHandler
                0x08002c94                I2C3_EV_IRQHandler
                0x08002c94                EXTI9_5_IRQHandler
                0x08002c94                RTC_WKUP_IRQHandler
                0x08002c94                LTDC_IRQHandler
                0x08002c94                SAI3_IRQHandler
                0x08002c94                ETH_WKUP_IRQHandler
                0x08002c94                SPDIF_RX_IRQHandler
                0x08002c94                SPI2_IRQHandler
                0x08002c94                OTG_HS_EP1_IN_IRQHandler
                0x08002c94                DMA1_Stream0_IRQHandler
                0x08002c94                CRS_IRQHandler
                0x08002c94                EXTI4_IRQHandler
                0x08002c94                RNG_IRQHandler
                0x08002c94                HRTIM1_TIMB_IRQHandler
                0x08002c94                FDCAN2_IT1_IRQHandler
                0x08002c94                ETH_IRQHandler
                0x08002c94                TIM1_UP_IRQHandler
                0x08002c94                BDMA_Channel4_IRQHandler
                0x08002c94                OTG_HS_EP1_OUT_IRQHandler
                0x08002c94                WWDG_IRQHandler
                0x08002c94                SPI6_IRQHandler
                0x08002c94                MDIOS_IRQHandler
                0x08002c94                I2C4_EV_IRQHandler
                0x08002c94                FDCAN2_IT0_IRQHandler
                0x08002c94                LPUART1_IRQHandler
                0x08002c94                FDCAN1_IT0_IRQHandler
                0x08002c94                TIM2_IRQHandler
                0x08002c94                OTG_FS_WKUP_IRQHandler
                0x08002c94                OTG_HS_IRQHandler
                0x08002c94                DMA2D_IRQHandler
                0x08002c94                TIM1_BRK_IRQHandler
                0x08002c94                EXTI1_IRQHandler
                0x08002c94                SDMMC2_IRQHandler
                0x08002c94                OTG_FS_EP1_OUT_IRQHandler
                0x08002c94                BDMA_Channel3_IRQHandler
                0x08002c94                UART7_IRQHandler
                0x08002c94                MDIOS_WKUP_IRQHandler
                0x08002c94                USART2_IRQHandler
                0x08002c94                DFSDM1_FLT0_IRQHandler
                0x08002c94                SAI4_IRQHandler
                0x08002c94                I2C2_ER_IRQHandler
                0x08002c94                DMA2_Stream1_IRQHandler
                0x08002c94                FLASH_IRQHandler
                0x08002c94                DMA2_Stream4_IRQHandler
                0x08002c94                USART1_IRQHandler
                0x08002c94                OTG_FS_IRQHandler
                0x08002c94                SPI3_IRQHandler
                0x08002c94                WAKEUP_PIN_IRQHandler
                0x08002c94                DMA1_Stream4_IRQHandler
                0x08002c94                OTG_FS_EP1_IN_IRQHandler
                0x08002c94                I2C1_ER_IRQHandler
                0x08002c94                FMC_IRQHandler
                0x08002c94                FDCAN_CAL_IRQHandler
                0x08002c94                SWPMI1_IRQHandler
                0x08002c94                COMP1_IRQHandler
                0x08002c94                LPTIM1_IRQHandler
                0x08002c94                I2C4_ER_IRQHandler
                0x08002c94                DMA2_Stream6_IRQHandler
                0x08002c94                SAI1_IRQHandler
                0x08002c94                DMA1_Stream3_IRQHandler
 *fill*         0x08002c96        0x2 
 .text.HAL_InitTick
                0x08002c98       0x50 CMakeFiles/AD7606test.elf.dir/Drivers/STM32H7xx_HAL_Driver/Src/stm32h7xx_hal.c.obj
                0x08002c98                HAL_InitTick
 .text.HAL_Init
                0x08002ce8       0x5c CMakeFiles/AD7606test.elf.dir/Drivers/STM32H7xx_HAL_Driver/Src/stm32h7xx_hal.c.obj
                0x08002ce8                HAL_Init
 .text.HAL_IncTick
                0x08002d44       0x18 CMakeFiles/AD7606test.elf.dir/Drivers/STM32H7xx_HAL_Driver/Src/stm32h7xx_hal.c.obj
                0x08002d44                HAL_IncTick
 .text.HAL_GetTick
                0x08002d5c        0xc CMakeFiles/AD7606test.elf.dir/Drivers/STM32H7xx_HAL_Driver/Src/stm32h7xx_hal.c.obj
                0x08002d5c                HAL_GetTick
 .text.HAL_Delay
                0x08002d68       0x28 CMakeFiles/AD7606test.elf.dir/Drivers/STM32H7xx_HAL_Driver/Src/stm32h7xx_hal.c.obj
                0x08002d68                HAL_Delay
 .text.HAL_GetREVID
                0x08002d90        0xc CMakeFiles/AD7606test.elf.dir/Drivers/STM32H7xx_HAL_Driver/Src/stm32h7xx_hal.c.obj
                0x08002d90                HAL_GetREVID
 .text.HAL_NVIC_SetPriorityGrouping
                0x08002d9c       0x24 CMakeFiles/AD7606test.elf.dir/Drivers/STM32H7xx_HAL_Driver/Src/stm32h7xx_hal_cortex.c.obj
                0x08002d9c                HAL_NVIC_SetPriorityGrouping
 .text.HAL_NVIC_SetPriority
                0x08002dc0       0x6c CMakeFiles/AD7606test.elf.dir/Drivers/STM32H7xx_HAL_Driver/Src/stm32h7xx_hal_cortex.c.obj
                0x08002dc0                HAL_NVIC_SetPriority
 .text.HAL_NVIC_EnableIRQ
                0x08002e2c       0x1c CMakeFiles/AD7606test.elf.dir/Drivers/STM32H7xx_HAL_Driver/Src/stm32h7xx_hal_cortex.c.obj
                0x08002e2c                HAL_NVIC_EnableIRQ
 .text.HAL_SYSTICK_Config
                0x08002e48       0x28 CMakeFiles/AD7606test.elf.dir/Drivers/STM32H7xx_HAL_Driver/Src/stm32h7xx_hal_cortex.c.obj
                0x08002e48                HAL_SYSTICK_Config
 .text.HAL_MPU_Disable
                0x08002e70       0x1c CMakeFiles/AD7606test.elf.dir/Drivers/STM32H7xx_HAL_Driver/Src/stm32h7xx_hal_cortex.c.obj
                0x08002e70                HAL_MPU_Disable
 .text.HAL_MPU_Enable
                0x08002e8c       0x20 CMakeFiles/AD7606test.elf.dir/Drivers/STM32H7xx_HAL_Driver/Src/stm32h7xx_hal_cortex.c.obj
                0x08002e8c                HAL_MPU_Enable
 .text.HAL_MPU_ConfigRegion
                0x08002eac       0x58 CMakeFiles/AD7606test.elf.dir/Drivers/STM32H7xx_HAL_Driver/Src/stm32h7xx_hal_cortex.c.obj
                0x08002eac                HAL_MPU_ConfigRegion
 .text.DMA_SetConfig
                0x08002f04      0x1b4 CMakeFiles/AD7606test.elf.dir/Drivers/STM32H7xx_HAL_Driver/Src/stm32h7xx_hal_dma.c.obj
 .text.HAL_DMA_Start_IT
                0x080030b8      0x298 CMakeFiles/AD7606test.elf.dir/Drivers/STM32H7xx_HAL_Driver/Src/stm32h7xx_hal_dma.c.obj
                0x080030b8                HAL_DMA_Start_IT
 .text.HAL_DMA_GetError
                0x08003350        0x4 CMakeFiles/AD7606test.elf.dir/Drivers/STM32H7xx_HAL_Driver/Src/stm32h7xx_hal_dma.c.obj
                0x08003350                HAL_DMA_GetError
 .text.HAL_GPIO_Init
                0x08003354      0x228 CMakeFiles/AD7606test.elf.dir/Drivers/STM32H7xx_HAL_Driver/Src/stm32h7xx_hal_gpio.c.obj
                0x08003354                HAL_GPIO_Init
 .text.HAL_GPIO_WritePin
                0x0800357c        0xc CMakeFiles/AD7606test.elf.dir/Drivers/STM32H7xx_HAL_Driver/Src/stm32h7xx_hal_gpio.c.obj
                0x0800357c                HAL_GPIO_WritePin
 .text.HAL_GPIO_EXTI_IRQHandler
                0x08003588       0x1e CMakeFiles/AD7606test.elf.dir/Drivers/STM32H7xx_HAL_Driver/Src/stm32h7xx_hal_gpio.c.obj
                0x08003588                HAL_GPIO_EXTI_IRQHandler
 *fill*         0x080035a6        0x2 
 .text.HAL_PWREx_ConfigSupply
                0x080035a8       0x54 CMakeFiles/AD7606test.elf.dir/Drivers/STM32H7xx_HAL_Driver/Src/stm32h7xx_hal_pwr_ex.c.obj
                0x080035a8                HAL_PWREx_ConfigSupply
 .text.HAL_RCC_OscConfig
                0x080035fc      0x6b4 CMakeFiles/AD7606test.elf.dir/Drivers/STM32H7xx_HAL_Driver/Src/stm32h7xx_hal_rcc.c.obj
                0x080035fc                HAL_RCC_OscConfig
 .text.HAL_RCC_GetSysClockFreq
                0x08003cb0      0x218 CMakeFiles/AD7606test.elf.dir/Drivers/STM32H7xx_HAL_Driver/Src/stm32h7xx_hal_rcc.c.obj
                0x08003cb0                HAL_RCC_GetSysClockFreq
 .text.HAL_RCC_ClockConfig
                0x08003ec8      0x294 CMakeFiles/AD7606test.elf.dir/Drivers/STM32H7xx_HAL_Driver/Src/stm32h7xx_hal_rcc.c.obj
                0x08003ec8                HAL_RCC_ClockConfig
 .text.HAL_RCC_GetHCLKFreq
                0x0800415c       0x44 CMakeFiles/AD7606test.elf.dir/Drivers/STM32H7xx_HAL_Driver/Src/stm32h7xx_hal_rcc.c.obj
                0x0800415c                HAL_RCC_GetHCLKFreq
 .text.HAL_RCC_GetPCLK1Freq
                0x080041a0       0x24 CMakeFiles/AD7606test.elf.dir/Drivers/STM32H7xx_HAL_Driver/Src/stm32h7xx_hal_rcc.c.obj
                0x080041a0                HAL_RCC_GetPCLK1Freq
 .text.HAL_RCC_GetPCLK2Freq
                0x080041c4       0x24 CMakeFiles/AD7606test.elf.dir/Drivers/STM32H7xx_HAL_Driver/Src/stm32h7xx_hal_rcc.c.obj
                0x080041c4                HAL_RCC_GetPCLK2Freq
 .text.RCCEx_PLL2_Config
                0x080041e8      0x10c CMakeFiles/AD7606test.elf.dir/Drivers/STM32H7xx_HAL_Driver/Src/stm32h7xx_hal_rcc_ex.c.obj
 .text.RCCEx_PLL3_Config
                0x080042f4      0x10c CMakeFiles/AD7606test.elf.dir/Drivers/STM32H7xx_HAL_Driver/Src/stm32h7xx_hal_rcc_ex.c.obj
 .text.HAL_RCCEx_PeriphCLKConfig
                0x08004400      0xa8c CMakeFiles/AD7606test.elf.dir/Drivers/STM32H7xx_HAL_Driver/Src/stm32h7xx_hal_rcc_ex.c.obj
                0x08004400                HAL_RCCEx_PeriphCLKConfig
 .text.HAL_RCCEx_GetD3PCLK1Freq
                0x08004e8c       0x24 CMakeFiles/AD7606test.elf.dir/Drivers/STM32H7xx_HAL_Driver/Src/stm32h7xx_hal_rcc_ex.c.obj
                0x08004e8c                HAL_RCCEx_GetD3PCLK1Freq
 .text.HAL_RCCEx_GetPLL2ClockFreq
                0x08004eb0      0x234 CMakeFiles/AD7606test.elf.dir/Drivers/STM32H7xx_HAL_Driver/Src/stm32h7xx_hal_rcc_ex.c.obj
                0x08004eb0                HAL_RCCEx_GetPLL2ClockFreq
 .text.HAL_RCCEx_GetPLL3ClockFreq
                0x080050e4      0x234 CMakeFiles/AD7606test.elf.dir/Drivers/STM32H7xx_HAL_Driver/Src/stm32h7xx_hal_rcc_ex.c.obj
                0x080050e4                HAL_RCCEx_GetPLL3ClockFreq
 .text.SPI_CloseTransfer
                0x08005318       0xcc CMakeFiles/AD7606test.elf.dir/Drivers/STM32H7xx_HAL_Driver/Src/stm32h7xx_hal_spi.c.obj
 .text.SPI_GetPacketSize
                0x080053e4       0x10 CMakeFiles/AD7606test.elf.dir/Drivers/STM32H7xx_HAL_Driver/Src/stm32h7xx_hal_spi.c.obj
 .text.SPI_WaitOnFlagUntilTimeout
                0x080053f4       0x46 CMakeFiles/AD7606test.elf.dir/Drivers/STM32H7xx_HAL_Driver/Src/stm32h7xx_hal_spi.c.obj
 *fill*         0x0800543a        0x2 
 .text.HAL_SPI_Init
                0x0800543c      0x190 CMakeFiles/AD7606test.elf.dir/Drivers/STM32H7xx_HAL_Driver/Src/stm32h7xx_hal_spi.c.obj
                0x0800543c                HAL_SPI_Init
 .text.HAL_SPI_Transmit
                0x080055cc      0x2c4 CMakeFiles/AD7606test.elf.dir/Drivers/STM32H7xx_HAL_Driver/Src/stm32h7xx_hal_spi.c.obj
                0x080055cc                HAL_SPI_Transmit
 .text.HAL_SPI_Receive
                0x08005890      0x350 CMakeFiles/AD7606test.elf.dir/Drivers/STM32H7xx_HAL_Driver/Src/stm32h7xx_hal_spi.c.obj
                0x08005890                HAL_SPI_Receive
 .text.HAL_SPI_Transmit_DMA
                0x08005be0      0x1c0 CMakeFiles/AD7606test.elf.dir/Drivers/STM32H7xx_HAL_Driver/Src/stm32h7xx_hal_spi.c.obj
                0x08005be0                HAL_SPI_Transmit_DMA
 .text.SPI_DMATransmitCplt
                0x08005da0       0x2a CMakeFiles/AD7606test.elf.dir/Drivers/STM32H7xx_HAL_Driver/Src/stm32h7xx_hal_spi.c.obj
 .text.HAL_SPI_TxHalfCpltCallback
                0x08005dca        0x2 CMakeFiles/AD7606test.elf.dir/Drivers/STM32H7xx_HAL_Driver/Src/stm32h7xx_hal_spi.c.obj
                0x08005dca                HAL_SPI_TxHalfCpltCallback
 .text.SPI_DMAHalfTransmitCplt
                0x08005dcc        0xa CMakeFiles/AD7606test.elf.dir/Drivers/STM32H7xx_HAL_Driver/Src/stm32h7xx_hal_spi.c.obj
 .text.HAL_SPI_ErrorCallback
                0x08005dd6        0x2 CMakeFiles/AD7606test.elf.dir/Drivers/STM32H7xx_HAL_Driver/Src/stm32h7xx_hal_spi.c.obj
                0x08005dd6                HAL_SPI_ErrorCallback
 .text.SPI_DMAError
                0x08005dd8       0x2e CMakeFiles/AD7606test.elf.dir/Drivers/STM32H7xx_HAL_Driver/Src/stm32h7xx_hal_spi.c.obj
 *fill*         0x08005e06        0x2 
 .text.TIM_OC1_SetConfig
                0x08005e08       0xa8 CMakeFiles/AD7606test.elf.dir/Drivers/STM32H7xx_HAL_Driver/Src/stm32h7xx_hal_tim.c.obj
 .text.TIM_OC3_SetConfig
                0x08005eb0       0x94 CMakeFiles/AD7606test.elf.dir/Drivers/STM32H7xx_HAL_Driver/Src/stm32h7xx_hal_tim.c.obj
 .text.TIM_OC4_SetConfig
                0x08005f44       0x74 CMakeFiles/AD7606test.elf.dir/Drivers/STM32H7xx_HAL_Driver/Src/stm32h7xx_hal_tim.c.obj
 .text.TIM_OC5_SetConfig
                0x08005fb8       0x74 CMakeFiles/AD7606test.elf.dir/Drivers/STM32H7xx_HAL_Driver/Src/stm32h7xx_hal_tim.c.obj
 .text.TIM_OC6_SetConfig
                0x0800602c       0x74 CMakeFiles/AD7606test.elf.dir/Drivers/STM32H7xx_HAL_Driver/Src/stm32h7xx_hal_tim.c.obj
 .text.HAL_TIM_PeriodElapsedCallback
                0x080060a0        0x2 CMakeFiles/AD7606test.elf.dir/Drivers/STM32H7xx_HAL_Driver/Src/stm32h7xx_hal_tim.c.obj
                0x080060a0                HAL_TIM_PeriodElapsedCallback
 .text.HAL_TIM_OC_DelayElapsedCallback
                0x080060a2        0x2 CMakeFiles/AD7606test.elf.dir/Drivers/STM32H7xx_HAL_Driver/Src/stm32h7xx_hal_tim.c.obj
                0x080060a2                HAL_TIM_OC_DelayElapsedCallback
 .text.HAL_TIM_IC_CaptureCallback
                0x080060a4        0x2 CMakeFiles/AD7606test.elf.dir/Drivers/STM32H7xx_HAL_Driver/Src/stm32h7xx_hal_tim.c.obj
                0x080060a4                HAL_TIM_IC_CaptureCallback
 .text.HAL_TIM_PWM_PulseFinishedCallback
                0x080060a6        0x2 CMakeFiles/AD7606test.elf.dir/Drivers/STM32H7xx_HAL_Driver/Src/stm32h7xx_hal_tim.c.obj
                0x080060a6                HAL_TIM_PWM_PulseFinishedCallback
 .text.HAL_TIM_TriggerCallback
                0x080060a8        0x2 CMakeFiles/AD7606test.elf.dir/Drivers/STM32H7xx_HAL_Driver/Src/stm32h7xx_hal_tim.c.obj
                0x080060a8                HAL_TIM_TriggerCallback
 .text.HAL_TIM_IRQHandler
                0x080060aa      0x17a CMakeFiles/AD7606test.elf.dir/Drivers/STM32H7xx_HAL_Driver/Src/stm32h7xx_hal_tim.c.obj
                0x080060aa                HAL_TIM_IRQHandler
 .text.TIM_Base_SetConfig
                0x08006224      0x104 CMakeFiles/AD7606test.elf.dir/Drivers/STM32H7xx_HAL_Driver/Src/stm32h7xx_hal_tim.c.obj
                0x08006224                TIM_Base_SetConfig
 .text.HAL_TIM_OC_Init
                0x08006328       0x60 CMakeFiles/AD7606test.elf.dir/Drivers/STM32H7xx_HAL_Driver/Src/stm32h7xx_hal_tim.c.obj
                0x08006328                HAL_TIM_OC_Init
 .text.HAL_TIM_PWM_Init
                0x08006388       0x60 CMakeFiles/AD7606test.elf.dir/Drivers/STM32H7xx_HAL_Driver/Src/stm32h7xx_hal_tim.c.obj
                0x08006388                HAL_TIM_PWM_Init
 .text.TIM_OC2_SetConfig
                0x080063e8       0x94 CMakeFiles/AD7606test.elf.dir/Drivers/STM32H7xx_HAL_Driver/Src/stm32h7xx_hal_tim.c.obj
                0x080063e8                TIM_OC2_SetConfig
 .text.HAL_TIM_OC_ConfigChannel
                0x0800647c       0x7a CMakeFiles/AD7606test.elf.dir/Drivers/STM32H7xx_HAL_Driver/Src/stm32h7xx_hal_tim.c.obj
                0x0800647c                HAL_TIM_OC_ConfigChannel
 .text.HAL_TIM_PWM_ConfigChannel
                0x080064f6      0x13a CMakeFiles/AD7606test.elf.dir/Drivers/STM32H7xx_HAL_Driver/Src/stm32h7xx_hal_tim.c.obj
                0x080064f6                HAL_TIM_PWM_ConfigChannel
 .text.TIM_CCxChannelCmd
                0x08006630       0x1e CMakeFiles/AD7606test.elf.dir/Drivers/STM32H7xx_HAL_Driver/Src/stm32h7xx_hal_tim.c.obj
                0x08006630                TIM_CCxChannelCmd
 *fill*         0x0800664e        0x2 
 .text.HAL_TIM_PWM_Start
                0x08006650      0x168 CMakeFiles/AD7606test.elf.dir/Drivers/STM32H7xx_HAL_Driver/Src/stm32h7xx_hal_tim.c.obj
                0x08006650                HAL_TIM_PWM_Start
 .text.HAL_TIM_PWM_Stop
                0x080067b8       0xbc CMakeFiles/AD7606test.elf.dir/Drivers/STM32H7xx_HAL_Driver/Src/stm32h7xx_hal_tim.c.obj
                0x080067b8                HAL_TIM_PWM_Stop
 .text.HAL_TIMEx_MasterConfigSynchronization
                0x08006874       0xa0 CMakeFiles/AD7606test.elf.dir/Drivers/STM32H7xx_HAL_Driver/Src/stm32h7xx_hal_tim_ex.c.obj
                0x08006874                HAL_TIMEx_MasterConfigSynchronization
 .text.HAL_TIMEx_CommutCallback
                0x08006914        0x2 CMakeFiles/AD7606test.elf.dir/Drivers/STM32H7xx_HAL_Driver/Src/stm32h7xx_hal_tim_ex.c.obj
                0x08006914                HAL_TIMEx_CommutCallback
 .text.HAL_TIMEx_BreakCallback
                0x08006916        0x2 CMakeFiles/AD7606test.elf.dir/Drivers/STM32H7xx_HAL_Driver/Src/stm32h7xx_hal_tim_ex.c.obj
                0x08006916                HAL_TIMEx_BreakCallback
 .text.HAL_TIMEx_Break2Callback
                0x08006918        0x2 CMakeFiles/AD7606test.elf.dir/Drivers/STM32H7xx_HAL_Driver/Src/stm32h7xx_hal_tim_ex.c.obj
                0x08006918                HAL_TIMEx_Break2Callback
 *fill*         0x0800691a        0x2 
 .text.UART_EndRxTransfer
                0x0800691c       0x58 CMakeFiles/AD7606test.elf.dir/Drivers/STM32H7xx_HAL_Driver/Src/stm32h7xx_hal_uart.c.obj
 .text.UART_SetConfig
                0x08006974      0x5f4 CMakeFiles/AD7606test.elf.dir/Drivers/STM32H7xx_HAL_Driver/Src/stm32h7xx_hal_uart.c.obj
                0x08006974                UART_SetConfig
 .text.UART_AdvFeatureConfig
                0x08006f68       0xca CMakeFiles/AD7606test.elf.dir/Drivers/STM32H7xx_HAL_Driver/Src/stm32h7xx_hal_uart.c.obj
                0x08006f68                UART_AdvFeatureConfig
 .text.UART_WaitOnFlagUntilTimeout
                0x08007032       0xaa CMakeFiles/AD7606test.elf.dir/Drivers/STM32H7xx_HAL_Driver/Src/stm32h7xx_hal_uart.c.obj
                0x08007032                UART_WaitOnFlagUntilTimeout
 .text.UART_CheckIdleState
                0x080070dc       0xca CMakeFiles/AD7606test.elf.dir/Drivers/STM32H7xx_HAL_Driver/Src/stm32h7xx_hal_uart.c.obj
                0x080070dc                UART_CheckIdleState
 .text.HAL_UART_Init
                0x080071a6       0x66 CMakeFiles/AD7606test.elf.dir/Drivers/STM32H7xx_HAL_Driver/Src/stm32h7xx_hal_uart.c.obj
                0x080071a6                HAL_UART_Init
 .text.UARTEx_SetNbDataToProcess
                0x0800720c       0x4c CMakeFiles/AD7606test.elf.dir/Drivers/STM32H7xx_HAL_Driver/Src/stm32h7xx_hal_uart_ex.c.obj
 .text.HAL_UARTEx_DisableFifoMode
                0x08007258       0x3e CMakeFiles/AD7606test.elf.dir/Drivers/STM32H7xx_HAL_Driver/Src/stm32h7xx_hal_uart_ex.c.obj
                0x08007258                HAL_UARTEx_DisableFifoMode
 .text.HAL_UARTEx_SetTxFifoThreshold
                0x08007296       0x4a CMakeFiles/AD7606test.elf.dir/Drivers/STM32H7xx_HAL_Driver/Src/stm32h7xx_hal_uart_ex.c.obj
                0x08007296                HAL_UARTEx_SetTxFifoThreshold
 .text.HAL_UARTEx_SetRxFifoThreshold
                0x080072e0       0x4a CMakeFiles/AD7606test.elf.dir/Drivers/STM32H7xx_HAL_Driver/Src/stm32h7xx_hal_uart_ex.c.obj
                0x080072e0                HAL_UARTEx_SetRxFifoThreshold
 *fill*         0x0800732a        0x2 
 .text.__errno  0x0800732c        0xc c:/programdata/gcc-arm-none-eabi-10.3-2021.10/bin/../lib/gcc/arm-none-eabi/10.3.1/../../../../arm-none-eabi/lib/thumb/v7e-m/nofp\libg.a(lib_a-errno.o)
                0x0800732c                __errno
 .text.__libc_init_array
                0x08007338       0x48 c:/programdata/gcc-arm-none-eabi-10.3-2021.10/bin/../lib/gcc/arm-none-eabi/10.3.1/../../../../arm-none-eabi/lib/thumb/v7e-m/nofp\libg.a(lib_a-init.o)
                0x08007338                __libc_init_array
 .text.malloc   0x08007380       0x10 c:/programdata/gcc-arm-none-eabi-10.3-2021.10/bin/../lib/gcc/arm-none-eabi/10.3.1/../../../../arm-none-eabi/lib/thumb/v7e-m/nofp\libg.a(lib_a-malloc.o)
                0x08007380                malloc
 .text._malloc_r
                0x08007390      0x560 c:/programdata/gcc-arm-none-eabi-10.3-2021.10/bin/../lib/gcc/arm-none-eabi/10.3.1/../../../../arm-none-eabi/lib/thumb/v7e-m/nofp\libg.a(lib_a-mallocr.o)
                0x08007390                _malloc_r
 .text.memset   0x080078f0       0xa4 c:/programdata/gcc-arm-none-eabi-10.3-2021.10/bin/../lib/gcc/arm-none-eabi/10.3.1/../../../../arm-none-eabi/lib/thumb/v7e-m/nofp\libg.a(lib_a-memset.o)
                0x080078f0                memset
 .text.__malloc_lock
                0x08007994        0xc c:/programdata/gcc-arm-none-eabi-10.3-2021.10/bin/../lib/gcc/arm-none-eabi/10.3.1/../../../../arm-none-eabi/lib/thumb/v7e-m/nofp\libg.a(lib_a-mlock.o)
                0x08007994                __malloc_lock
 .text.__malloc_unlock
                0x080079a0        0xc c:/programdata/gcc-arm-none-eabi-10.3-2021.10/bin/../lib/gcc/arm-none-eabi/10.3.1/../../../../arm-none-eabi/lib/thumb/v7e-m/nofp\libg.a(lib_a-mlock.o)
                0x080079a0                __malloc_unlock
 .text._sbrk_r  0x080079ac       0x24 c:/programdata/gcc-arm-none-eabi-10.3-2021.10/bin/../lib/gcc/arm-none-eabi/10.3.1/../../../../arm-none-eabi/lib/thumb/v7e-m/nofp\libg.a(lib_a-sbrkr.o)
                0x080079ac                _sbrk_r
 .text.sprintf  0x080079d0       0x40 c:/programdata/gcc-arm-none-eabi-10.3-2021.10/bin/../lib/gcc/arm-none-eabi/10.3.1/../../../../arm-none-eabi/lib/thumb/v7e-m/nofp\libg.a(lib_a-sprintf.o)
                0x080079d0                sprintf
 .text._svfprintf_r
                0x08007a10     0x1a3c c:/programdata/gcc-arm-none-eabi-10.3-2021.10/bin/../lib/gcc/arm-none-eabi/10.3.1/../../../../arm-none-eabi/lib/thumb/v7e-m/nofp\libg.a(lib_a-svfprintf.o)
                0x08007a10                _svfprintf_r
 .text.startup.register_fini
                0x0800944c       0x14 c:/programdata/gcc-arm-none-eabi-10.3-2021.10/bin/../lib/gcc/arm-none-eabi/10.3.1/../../../../arm-none-eabi/lib/thumb/v7e-m/nofp\libg.a(lib_a-__call_atexit.o)
 .text.atexit   0x08009460        0xc c:/programdata/gcc-arm-none-eabi-10.3-2021.10/bin/../lib/gcc/arm-none-eabi/10.3.1/../../../../arm-none-eabi/lib/thumb/v7e-m/nofp\libg.a(lib_a-atexit.o)
                0x08009460                atexit
 .text.quorem   0x0800946c      0x124 c:/programdata/gcc-arm-none-eabi-10.3-2021.10/bin/../lib/gcc/arm-none-eabi/10.3.1/../../../../arm-none-eabi/lib/thumb/v7e-m/nofp\libg.a(lib_a-dtoa.o)
 .text._dtoa_r  0x08009590      0xec4 c:/programdata/gcc-arm-none-eabi-10.3-2021.10/bin/../lib/gcc/arm-none-eabi/10.3.1/../../../../arm-none-eabi/lib/thumb/v7e-m/nofp\libg.a(lib_a-dtoa.o)
                0x08009590                _dtoa_r
 .text.__libc_fini_array
                0x0800a454       0x2c c:/programdata/gcc-arm-none-eabi-10.3-2021.10/bin/../lib/gcc/arm-none-eabi/10.3.1/../../../../arm-none-eabi/lib/thumb/v7e-m/nofp\libg.a(lib_a-fini.o)
                0x0800a454                __libc_fini_array
 .text._malloc_trim_r
                0x0800a480       0xa0 c:/programdata/gcc-arm-none-eabi-10.3-2021.10/bin/../lib/gcc/arm-none-eabi/10.3.1/../../../../arm-none-eabi/lib/thumb/v7e-m/nofp\libg.a(lib_a-freer.o)
                0x0800a480                _malloc_trim_r
 .text._free_r  0x0800a520      0x20c c:/programdata/gcc-arm-none-eabi-10.3-2021.10/bin/../lib/gcc/arm-none-eabi/10.3.1/../../../../arm-none-eabi/lib/thumb/v7e-m/nofp\libg.a(lib_a-freer.o)
                0x0800a520                _free_r
 .text._localeconv_r
                0x0800a72c        0x8 c:/programdata/gcc-arm-none-eabi-10.3-2021.10/bin/../lib/gcc/arm-none-eabi/10.3.1/../../../../arm-none-eabi/lib/thumb/v7e-m/nofp\libg.a(lib_a-localeconv.o)
                0x0800a72c                _localeconv_r
 .text.__retarget_lock_init_recursive
                0x0800a734        0x4 c:/programdata/gcc-arm-none-eabi-10.3-2021.10/bin/../lib/gcc/arm-none-eabi/10.3.1/../../../../arm-none-eabi/lib/thumb/v7e-m/nofp\libg.a(lib_a-lock.o)
                0x0800a734                __retarget_lock_init_recursive
 .text.__retarget_lock_close_recursive
                0x0800a738        0x4 c:/programdata/gcc-arm-none-eabi-10.3-2021.10/bin/../lib/gcc/arm-none-eabi/10.3.1/../../../../arm-none-eabi/lib/thumb/v7e-m/nofp\libg.a(lib_a-lock.o)
                0x0800a738                __retarget_lock_close_recursive
 .text.__retarget_lock_acquire_recursive
                0x0800a73c        0x4 c:/programdata/gcc-arm-none-eabi-10.3-2021.10/bin/../lib/gcc/arm-none-eabi/10.3.1/../../../../arm-none-eabi/lib/thumb/v7e-m/nofp\libg.a(lib_a-lock.o)
                0x0800a73c                __retarget_lock_acquire_recursive
 .text.__retarget_lock_release_recursive
                0x0800a740        0x4 c:/programdata/gcc-arm-none-eabi-10.3-2021.10/bin/../lib/gcc/arm-none-eabi/10.3.1/../../../../arm-none-eabi/lib/thumb/v7e-m/nofp\libg.a(lib_a-lock.o)
                0x0800a740                __retarget_lock_release_recursive
 .text._Balloc  0x0800a744       0x4c c:/programdata/gcc-arm-none-eabi-10.3-2021.10/bin/../lib/gcc/arm-none-eabi/10.3.1/../../../../arm-none-eabi/lib/thumb/v7e-m/nofp\libg.a(lib_a-mprec.o)
                0x0800a744                _Balloc
 .text._Bfree   0x0800a790       0x14 c:/programdata/gcc-arm-none-eabi-10.3-2021.10/bin/../lib/gcc/arm-none-eabi/10.3.1/../../../../arm-none-eabi/lib/thumb/v7e-m/nofp\libg.a(lib_a-mprec.o)
                0x0800a790                _Bfree
 .text.__multadd
                0x0800a7a4       0xa0 c:/programdata/gcc-arm-none-eabi-10.3-2021.10/bin/../lib/gcc/arm-none-eabi/10.3.1/../../../../arm-none-eabi/lib/thumb/v7e-m/nofp\libg.a(lib_a-mprec.o)
                0x0800a7a4                __multadd
 .text.__hi0bits
                0x0800a844       0x40 c:/programdata/gcc-arm-none-eabi-10.3-2021.10/bin/../lib/gcc/arm-none-eabi/10.3.1/../../../../arm-none-eabi/lib/thumb/v7e-m/nofp\libg.a(lib_a-mprec.o)
                0x0800a844                __hi0bits
 .text.__lo0bits
                0x0800a884       0x5c c:/programdata/gcc-arm-none-eabi-10.3-2021.10/bin/../lib/gcc/arm-none-eabi/10.3.1/../../../../arm-none-eabi/lib/thumb/v7e-m/nofp\libg.a(lib_a-mprec.o)
                0x0800a884                __lo0bits
 .text.__i2b    0x0800a8e0       0x5c c:/programdata/gcc-arm-none-eabi-10.3-2021.10/bin/../lib/gcc/arm-none-eabi/10.3.1/../../../../arm-none-eabi/lib/thumb/v7e-m/nofp\libg.a(lib_a-mprec.o)
                0x0800a8e0                __i2b
 .text.__multiply
                0x0800a93c      0x15c c:/programdata/gcc-arm-none-eabi-10.3-2021.10/bin/../lib/gcc/arm-none-eabi/10.3.1/../../../../arm-none-eabi/lib/thumb/v7e-m/nofp\libg.a(lib_a-mprec.o)
                0x0800a93c                __multiply
 .text.__pow5mult
                0x0800aa98       0xc0 c:/programdata/gcc-arm-none-eabi-10.3-2021.10/bin/../lib/gcc/arm-none-eabi/10.3.1/../../../../arm-none-eabi/lib/thumb/v7e-m/nofp\libg.a(lib_a-mprec.o)
                0x0800aa98                __pow5mult
 .text.__lshift
                0x0800ab58       0xf0 c:/programdata/gcc-arm-none-eabi-10.3-2021.10/bin/../lib/gcc/arm-none-eabi/10.3.1/../../../../arm-none-eabi/lib/thumb/v7e-m/nofp\libg.a(lib_a-mprec.o)
                0x0800ab58                __lshift
 .text.__mcmp   0x0800ac48       0x40 c:/programdata/gcc-arm-none-eabi-10.3-2021.10/bin/../lib/gcc/arm-none-eabi/10.3.1/../../../../arm-none-eabi/lib/thumb/v7e-m/nofp\libg.a(lib_a-mprec.o)
                0x0800ac48                __mcmp
 .text.__mdiff  0x0800ac88      0x14c c:/programdata/gcc-arm-none-eabi-10.3-2021.10/bin/../lib/gcc/arm-none-eabi/10.3.1/../../../../arm-none-eabi/lib/thumb/v7e-m/nofp\libg.a(lib_a-mprec.o)
                0x0800ac88                __mdiff
 .text.__d2b    0x0800add4       0xc4 c:/programdata/gcc-arm-none-eabi-10.3-2021.10/bin/../lib/gcc/arm-none-eabi/10.3.1/../../../../arm-none-eabi/lib/thumb/v7e-m/nofp\libg.a(lib_a-mprec.o)
                0x0800add4                __d2b
 .text.frexp    0x0800ae98       0x70 c:/programdata/gcc-arm-none-eabi-10.3-2021.10/bin/../lib/gcc/arm-none-eabi/10.3.1/../../../../arm-none-eabi/lib/thumb/v7e-m/nofp\libg.a(lib_a-s_frexp.o)
                0x0800ae98                frexp
 .text.strncpy  0x0800af08       0x64 c:/programdata/gcc-arm-none-eabi-10.3-2021.10/bin/../lib/gcc/arm-none-eabi/10.3.1/../../../../arm-none-eabi/lib/thumb/v7e-m/nofp\libg.a(lib_a-strncpy.o)
                0x0800af08                strncpy
 .text.__ssprint_r
                0x0800af6c       0xf8 c:/programdata/gcc-arm-none-eabi-10.3-2021.10/bin/../lib/gcc/arm-none-eabi/10.3.1/../../../../arm-none-eabi/lib/thumb/v7e-m/nofp\libg.a(lib_a-svfiprintf.o)
                0x0800af6c                __ssprint_r
 .text.__register_exitproc
                0x0800b064       0x8c c:/programdata/gcc-arm-none-eabi-10.3-2021.10/bin/../lib/gcc/arm-none-eabi/10.3.1/../../../../arm-none-eabi/lib/thumb/v7e-m/nofp\libg.a(lib_a-__atexit.o)
                0x0800b064                __register_exitproc
 .text.__assert_func
                0x0800b0f0       0x40 c:/programdata/gcc-arm-none-eabi-10.3-2021.10/bin/../lib/gcc/arm-none-eabi/10.3.1/../../../../arm-none-eabi/lib/thumb/v7e-m/nofp\libg.a(lib_a-assert.o)
                0x0800b0f0                __assert_func
 .text._calloc_r
                0x0800b130       0x78 c:/programdata/gcc-arm-none-eabi-10.3-2021.10/bin/../lib/gcc/arm-none-eabi/10.3.1/../../../../arm-none-eabi/lib/thumb/v7e-m/nofp\libg.a(lib_a-callocr.o)
                0x0800b130                _calloc_r
 .text.fiprintf
                0x0800b1a8       0x28 c:/programdata/gcc-arm-none-eabi-10.3-2021.10/bin/../lib/gcc/arm-none-eabi/10.3.1/../../../../arm-none-eabi/lib/thumb/v7e-m/nofp\libg.a(lib_a-fiprintf.o)
                0x0800b1a8                fiprintf
 .text.__locale_mb_cur_max
                0x0800b1d0        0xc c:/programdata/gcc-arm-none-eabi-10.3-2021.10/bin/../lib/gcc/arm-none-eabi/10.3.1/../../../../arm-none-eabi/lib/thumb/v7e-m/nofp\libg.a(lib_a-locale.o)
                0x0800b1d0                __locale_mb_cur_max
 .text.__ascii_mbtowc
                0x0800b1dc       0x2c c:/programdata/gcc-arm-none-eabi-10.3-2021.10/bin/../lib/gcc/arm-none-eabi/10.3.1/../../../../arm-none-eabi/lib/thumb/v7e-m/nofp\libg.a(lib_a-mbtowc_r.o)
                0x0800b1dc                __ascii_mbtowc
 .text.memmove  0x0800b208       0xf8 c:/programdata/gcc-arm-none-eabi-10.3-2021.10/bin/../lib/gcc/arm-none-eabi/10.3.1/../../../../arm-none-eabi/lib/thumb/v7e-m/nofp\libg.a(lib_a-memmove.o)
                0x0800b208                memmove
 .text._realloc_r
                0x0800b300      0x3d8 c:/programdata/gcc-arm-none-eabi-10.3-2021.10/bin/../lib/gcc/arm-none-eabi/10.3.1/../../../../arm-none-eabi/lib/thumb/v7e-m/nofp\libg.a(lib_a-reallocr.o)
                0x0800b300                _realloc_r
 .text.__sprint_r.part.0
                0x0800b6d8       0x78 c:/programdata/gcc-arm-none-eabi-10.3-2021.10/bin/../lib/gcc/arm-none-eabi/10.3.1/../../../../arm-none-eabi/lib/thumb/v7e-m/nofp\libg.a(lib_a-vfiprintf.o)
 .text._vfiprintf_r
                0x0800b750      0xda0 c:/programdata/gcc-arm-none-eabi-10.3-2021.10/bin/../lib/gcc/arm-none-eabi/10.3.1/../../../../arm-none-eabi/lib/thumb/v7e-m/nofp\libg.a(lib_a-vfiprintf.o)
                0x0800b750                _vfiprintf_r
 .text.__sbprintf
                0x0800c4f0       0x80 c:/programdata/gcc-arm-none-eabi-10.3-2021.10/bin/../lib/gcc/arm-none-eabi/10.3.1/../../../../arm-none-eabi/lib/thumb/v7e-m/nofp\libg.a(lib_a-vfiprintf.o)
 .text.__ascii_wctomb
                0x0800c570       0x1c c:/programdata/gcc-arm-none-eabi-10.3-2021.10/bin/../lib/gcc/arm-none-eabi/10.3.1/../../../../arm-none-eabi/lib/thumb/v7e-m/nofp\libg.a(lib_a-wctomb_r.o)
                0x0800c570                __ascii_wctomb
 .text.__swsetup_r
                0x0800c58c       0xd4 c:/programdata/gcc-arm-none-eabi-10.3-2021.10/bin/../lib/gcc/arm-none-eabi/10.3.1/../../../../arm-none-eabi/lib/thumb/v7e-m/nofp\libg.a(lib_a-wsetup.o)
                0x0800c58c                __swsetup_r
 .text.abort    0x0800c660       0x10 c:/programdata/gcc-arm-none-eabi-10.3-2021.10/bin/../lib/gcc/arm-none-eabi/10.3.1/../../../../arm-none-eabi/lib/thumb/v7e-m/nofp\libg.a(lib_a-abort.o)
                0x0800c660                abort
 .text.__sflush_r
                0x0800c670      0x120 c:/programdata/gcc-arm-none-eabi-10.3-2021.10/bin/../lib/gcc/arm-none-eabi/10.3.1/../../../../arm-none-eabi/lib/thumb/v7e-m/nofp\libg.a(lib_a-fflush.o)
                0x0800c670                __sflush_r
 .text._fflush_r
                0x0800c790       0x5c c:/programdata/gcc-arm-none-eabi-10.3-2021.10/bin/../lib/gcc/arm-none-eabi/10.3.1/../../../../arm-none-eabi/lib/thumb/v7e-m/nofp\libg.a(lib_a-fflush.o)
                0x0800c790                _fflush_r
 .text._cleanup_r
                0x0800c7ec        0xc c:/programdata/gcc-arm-none-eabi-10.3-2021.10/bin/../lib/gcc/arm-none-eabi/10.3.1/../../../../arm-none-eabi/lib/thumb/v7e-m/nofp\libg.a(lib_a-findfp.o)
                0x0800c7ec                _cleanup_r
 .text.__sinit  0x0800c7f8      0x10c c:/programdata/gcc-arm-none-eabi-10.3-2021.10/bin/../lib/gcc/arm-none-eabi/10.3.1/../../../../arm-none-eabi/lib/thumb/v7e-m/nofp\libg.a(lib_a-findfp.o)
                0x0800c7f8                __sinit
 .text.__sfp_lock_acquire
                0x0800c904        0xc c:/programdata/gcc-arm-none-eabi-10.3-2021.10/bin/../lib/gcc/arm-none-eabi/10.3.1/../../../../arm-none-eabi/lib/thumb/v7e-m/nofp\libg.a(lib_a-findfp.o)
                0x0800c904                __sfp_lock_acquire
 .text.__sfp_lock_release
                0x0800c910        0xc c:/programdata/gcc-arm-none-eabi-10.3-2021.10/bin/../lib/gcc/arm-none-eabi/10.3.1/../../../../arm-none-eabi/lib/thumb/v7e-m/nofp\libg.a(lib_a-findfp.o)
                0x0800c910                __sfp_lock_release
 .text.__fputwc
                0x0800c91c       0xa8 c:/programdata/gcc-arm-none-eabi-10.3-2021.10/bin/../lib/gcc/arm-none-eabi/10.3.1/../../../../arm-none-eabi/lib/thumb/v7e-m/nofp\libg.a(lib_a-fputwc.o)
                0x0800c91c                __fputwc
 .text._fputwc_r
                0x0800c9c4       0x68 c:/programdata/gcc-arm-none-eabi-10.3-2021.10/bin/../lib/gcc/arm-none-eabi/10.3.1/../../../../arm-none-eabi/lib/thumb/v7e-m/nofp\libg.a(lib_a-fputwc.o)
                0x0800c9c4                _fputwc_r
 .text.__sfvwrite_r
                0x0800ca2c      0x2e8 c:/programdata/gcc-arm-none-eabi-10.3-2021.10/bin/../lib/gcc/arm-none-eabi/10.3.1/../../../../arm-none-eabi/lib/thumb/v7e-m/nofp\libg.a(lib_a-fvwrite.o)
                0x0800ca2c                __sfvwrite_r
 .text._fwalk_reent
                0x0800cd14       0x48 c:/programdata/gcc-arm-none-eabi-10.3-2021.10/bin/../lib/gcc/arm-none-eabi/10.3.1/../../../../arm-none-eabi/lib/thumb/v7e-m/nofp\libg.a(lib_a-fwalk.o)
                0x0800cd14                _fwalk_reent
 .text.__smakebuf_r
                0x0800cd5c       0xe0 c:/programdata/gcc-arm-none-eabi-10.3-2021.10/bin/../lib/gcc/arm-none-eabi/10.3.1/../../../../arm-none-eabi/lib/thumb/v7e-m/nofp\libg.a(lib_a-makebuf.o)
                0x0800cd5c                __smakebuf_r
 .text.raise    0x0800ce3c       0x5c c:/programdata/gcc-arm-none-eabi-10.3-2021.10/bin/../lib/gcc/arm-none-eabi/10.3.1/../../../../arm-none-eabi/lib/thumb/v7e-m/nofp\libg.a(lib_a-signal.o)
                0x0800ce3c                raise
 .text._kill_r  0x0800ce98       0x2c c:/programdata/gcc-arm-none-eabi-10.3-2021.10/bin/../lib/gcc/arm-none-eabi/10.3.1/../../../../arm-none-eabi/lib/thumb/v7e-m/nofp\libg.a(lib_a-signalr.o)
                0x0800ce98                _kill_r
 .text._getpid_r
                0x0800cec4        0x4 c:/programdata/gcc-arm-none-eabi-10.3-2021.10/bin/../lib/gcc/arm-none-eabi/10.3.1/../../../../arm-none-eabi/lib/thumb/v7e-m/nofp\libg.a(lib_a-signalr.o)
                0x0800cec4                _getpid_r
 .text.__sread  0x0800cec8       0x24 c:/programdata/gcc-arm-none-eabi-10.3-2021.10/bin/../lib/gcc/arm-none-eabi/10.3.1/../../../../arm-none-eabi/lib/thumb/v7e-m/nofp\libg.a(lib_a-stdio.o)
                0x0800cec8                __sread
 .text.__swrite
                0x0800ceec       0x40 c:/programdata/gcc-arm-none-eabi-10.3-2021.10/bin/../lib/gcc/arm-none-eabi/10.3.1/../../../../arm-none-eabi/lib/thumb/v7e-m/nofp\libg.a(lib_a-stdio.o)
                0x0800ceec                __swrite
 .text.__sseek  0x0800cf2c       0x20 c:/programdata/gcc-arm-none-eabi-10.3-2021.10/bin/../lib/gcc/arm-none-eabi/10.3.1/../../../../arm-none-eabi/lib/thumb/v7e-m/nofp\libg.a(lib_a-stdio.o)
                0x0800cf2c                __sseek
 .text.__sclose
                0x0800cf4c        0x8 c:/programdata/gcc-arm-none-eabi-10.3-2021.10/bin/../lib/gcc/arm-none-eabi/10.3.1/../../../../arm-none-eabi/lib/thumb/v7e-m/nofp\libg.a(lib_a-stdio.o)
                0x0800cf4c                __sclose
 .text.__swbuf_r
                0x0800cf54       0xb0 c:/programdata/gcc-arm-none-eabi-10.3-2021.10/bin/../lib/gcc/arm-none-eabi/10.3.1/../../../../arm-none-eabi/lib/thumb/v7e-m/nofp\libg.a(lib_a-wbuf.o)
                0x0800cf54                __swbuf_r
 .text._wcrtomb_r
                0x0800d004       0x3c c:/programdata/gcc-arm-none-eabi-10.3-2021.10/bin/../lib/gcc/arm-none-eabi/10.3.1/../../../../arm-none-eabi/lib/thumb/v7e-m/nofp\libg.a(lib_a-wcrtomb.o)
                0x0800d004                _wcrtomb_r
 .text._write_r
                0x0800d040       0x2c c:/programdata/gcc-arm-none-eabi-10.3-2021.10/bin/../lib/gcc/arm-none-eabi/10.3.1/../../../../arm-none-eabi/lib/thumb/v7e-m/nofp\libg.a(lib_a-writer.o)
                0x0800d040                _write_r
 .text._close_r
                0x0800d06c       0x24 c:/programdata/gcc-arm-none-eabi-10.3-2021.10/bin/../lib/gcc/arm-none-eabi/10.3.1/../../../../arm-none-eabi/lib/thumb/v7e-m/nofp\libg.a(lib_a-closer.o)
                0x0800d06c                _close_r
 .text._fclose_r
                0x0800d090       0xcc c:/programdata/gcc-arm-none-eabi-10.3-2021.10/bin/../lib/gcc/arm-none-eabi/10.3.1/../../../../arm-none-eabi/lib/thumb/v7e-m/nofp\libg.a(lib_a-fclose.o)
                0x0800d090                _fclose_r
 .text._fstat_r
                0x0800d15c       0x2c c:/programdata/gcc-arm-none-eabi-10.3-2021.10/bin/../lib/gcc/arm-none-eabi/10.3.1/../../../../arm-none-eabi/lib/thumb/v7e-m/nofp\libg.a(lib_a-fstatr.o)
                0x0800d15c                _fstat_r
 .text._isatty_r
                0x0800d188       0x24 c:/programdata/gcc-arm-none-eabi-10.3-2021.10/bin/../lib/gcc/arm-none-eabi/10.3.1/../../../../arm-none-eabi/lib/thumb/v7e-m/nofp\libg.a(lib_a-isattyr.o)
                0x0800d188                _isatty_r
 .text._lseek_r
                0x0800d1ac       0x2c c:/programdata/gcc-arm-none-eabi-10.3-2021.10/bin/../lib/gcc/arm-none-eabi/10.3.1/../../../../arm-none-eabi/lib/thumb/v7e-m/nofp\libg.a(lib_a-lseekr.o)
                0x0800d1ac                _lseek_r
 .text._read_r  0x0800d1d8       0x2c c:/programdata/gcc-arm-none-eabi-10.3-2021.10/bin/../lib/gcc/arm-none-eabi/10.3.1/../../../../arm-none-eabi/lib/thumb/v7e-m/nofp\libg.a(lib_a-readr.o)
                0x0800d1d8                _read_r
 *(.glue_7)
 .glue_7        0x0800d204        0x0 linker stubs
 *(.glue_7t)
 .glue_7t       0x0800d204        0x0 linker stubs
 *(.eh_frame)
 .eh_frame      0x0800d204        0x0 c:/programdata/gcc-arm-none-eabi-10.3-2021.10/bin/../lib/gcc/arm-none-eabi/10.3.1/thumb/v7e-m/nofp/crtbegin.o
 *(.init)
 .init          0x0800d204        0x4 c:/programdata/gcc-arm-none-eabi-10.3-2021.10/bin/../lib/gcc/arm-none-eabi/10.3.1/thumb/v7e-m/nofp/crti.o
                0x0800d204                _init
 .init          0x0800d208        0x8 c:/programdata/gcc-arm-none-eabi-10.3-2021.10/bin/../lib/gcc/arm-none-eabi/10.3.1/thumb/v7e-m/nofp/crtn.o
 *(.fini)
 .fini          0x0800d210        0x4 c:/programdata/gcc-arm-none-eabi-10.3-2021.10/bin/../lib/gcc/arm-none-eabi/10.3.1/thumb/v7e-m/nofp/crti.o
                0x0800d210                _fini
 .fini          0x0800d214        0x8 c:/programdata/gcc-arm-none-eabi-10.3-2021.10/bin/../lib/gcc/arm-none-eabi/10.3.1/thumb/v7e-m/nofp/crtn.o
                0x0800d21c                . = ALIGN (0x4)
                0x0800d21c                _etext = .

.vfp11_veneer   0x0800d21c        0x0
 .vfp11_veneer  0x0800d21c        0x0 linker stubs

.v4_bx          0x0800d21c        0x0
 .v4_bx         0x0800d21c        0x0 linker stubs

.iplt           0x0800d21c        0x0
 .iplt          0x0800d21c        0x0 c:/programdata/gcc-arm-none-eabi-10.3-2021.10/bin/../lib/gcc/arm-none-eabi/10.3.1/thumb/v7e-m/nofp/crtbegin.o

.rodata         0x0800d220     0x1118
                0x0800d220                . = ALIGN (0x4)
 *(.rodata)
 *(.rodata*)
 .rodata.afont12x6
                0x0800d220        0x8 CMakeFiles/AD7606test.elf.dir/Core/Src/TFTc/font.c.obj
                0x0800d220                afont12x6
 .rodata.afont16x8
                0x0800d228        0x8 CMakeFiles/AD7606test.elf.dir/Core/Src/TFTc/font.c.obj
                0x0800d228                afont16x8
 .rodata.afont8x6
                0x0800d230        0x8 CMakeFiles/AD7606test.elf.dir/Core/Src/TFTc/font.c.obj
                0x0800d230                afont8x6
 .rodata.ascii_12x6
                0x0800d238      0x474 CMakeFiles/AD7606test.elf.dir/Core/Src/TFTc/font.c.obj
                0x0800d238                ascii_12x6
 .rodata.ascii_16x8
                0x0800d6ac      0x5f0 CMakeFiles/AD7606test.elf.dir/Core/Src/TFTc/font.c.obj
                0x0800d6ac                ascii_16x8
 .rodata.ascii_8x6
                0x0800dc9c      0x228 CMakeFiles/AD7606test.elf.dir/Core/Src/TFTc/font.c.obj
                0x0800dc9c                ascii_8x6
 .rodata.main.str1.4
                0x0800dec4       0x39 CMakeFiles/AD7606test.elf.dir/Core/Src/main.c.obj
 *fill*         0x0800defd        0x3 
 .rodata.D1CorePrescTable
                0x0800df00       0x10 CMakeFiles/AD7606test.elf.dir/Core/Src/system_stm32h7xx.c.obj
                0x0800df00                D1CorePrescTable
 .rodata.UARTPrescTable
                0x0800df10       0x18 CMakeFiles/AD7606test.elf.dir/Drivers/STM32H7xx_HAL_Driver/Src/stm32h7xx_hal_uart.c.obj
                0x0800df10                UARTPrescTable
 .rodata.denominator.0
                0x0800df28        0x8 CMakeFiles/AD7606test.elf.dir/Drivers/STM32H7xx_HAL_Driver/Src/stm32h7xx_hal_uart_ex.c.obj
 .rodata.numerator.1
                0x0800df30        0x8 CMakeFiles/AD7606test.elf.dir/Drivers/STM32H7xx_HAL_Driver/Src/stm32h7xx_hal_uart_ex.c.obj
 .rodata._global_impure_ptr
                0x0800df38        0x4 c:/programdata/gcc-arm-none-eabi-10.3-2021.10/bin/../lib/gcc/arm-none-eabi/10.3.1/../../../../arm-none-eabi/lib/thumb/v7e-m/nofp\libg.a(lib_a-impure.o)
                0x0800df38                _global_impure_ptr
 .rodata._svfprintf_r.str1.4
                0x0800df3c       0x42 c:/programdata/gcc-arm-none-eabi-10.3-2021.10/bin/../lib/gcc/arm-none-eabi/10.3.1/../../../../arm-none-eabi/lib/thumb/v7e-m/nofp\libg.a(lib_a-svfprintf.o)
 *fill*         0x0800df7e        0x2 
 .rodata.blanks.1
                0x0800df80       0x10 c:/programdata/gcc-arm-none-eabi-10.3-2021.10/bin/../lib/gcc/arm-none-eabi/10.3.1/../../../../arm-none-eabi/lib/thumb/v7e-m/nofp\libg.a(lib_a-svfprintf.o)
 .rodata.zeroes.0
                0x0800df90       0x10 c:/programdata/gcc-arm-none-eabi-10.3-2021.10/bin/../lib/gcc/arm-none-eabi/10.3.1/../../../../arm-none-eabi/lib/thumb/v7e-m/nofp\libg.a(lib_a-svfprintf.o)
 .rodata._dtoa_r.str1.4
                0x0800dfa0       0xa2 c:/programdata/gcc-arm-none-eabi-10.3-2021.10/bin/../lib/gcc/arm-none-eabi/10.3.1/../../../../arm-none-eabi/lib/thumb/v7e-m/nofp\libg.a(lib_a-dtoa.o)
                                 0xa6 (size before relaxing)
 *fill*         0x0800e042        0x2 
 .rodata.__multadd.str1.4
                0x0800e044       0x7f c:/programdata/gcc-arm-none-eabi-10.3-2021.10/bin/../lib/gcc/arm-none-eabi/10.3.1/../../../../arm-none-eabi/lib/thumb/v7e-m/nofp\libg.a(lib_a-mprec.o)
                                 0x93 (size before relaxing)
 *fill*         0x0800e0c3        0x5 
 .rodata.__mprec_bigtens
                0x0800e0c8       0x28 c:/programdata/gcc-arm-none-eabi-10.3-2021.10/bin/../lib/gcc/arm-none-eabi/10.3.1/../../../../arm-none-eabi/lib/thumb/v7e-m/nofp\libg.a(lib_a-mprec.o)
                0x0800e0c8                __mprec_bigtens
 .rodata.__mprec_tens
                0x0800e0f0       0xc8 c:/programdata/gcc-arm-none-eabi-10.3-2021.10/bin/../lib/gcc/arm-none-eabi/10.3.1/../../../../arm-none-eabi/lib/thumb/v7e-m/nofp\libg.a(lib_a-mprec.o)
                0x0800e0f0                __mprec_tens
 .rodata.p05.0  0x0800e1b8        0xc c:/programdata/gcc-arm-none-eabi-10.3-2021.10/bin/../lib/gcc/arm-none-eabi/10.3.1/../../../../arm-none-eabi/lib/thumb/v7e-m/nofp\libg.a(lib_a-mprec.o)
 .rodata.__assert_func.str1.4
                0x0800e1c4       0x3f c:/programdata/gcc-arm-none-eabi-10.3-2021.10/bin/../lib/gcc/arm-none-eabi/10.3.1/../../../../arm-none-eabi/lib/thumb/v7e-m/nofp\libg.a(lib_a-assert.o)
                                 0x43 (size before relaxing)
 *fill*         0x0800e203        0x1 
 .rodata._setlocale_r.str1.4
                0x0800e204        0xa c:/programdata/gcc-arm-none-eabi-10.3-2021.10/bin/../lib/gcc/arm-none-eabi/10.3.1/../../../../arm-none-eabi/lib/thumb/v7e-m/nofp\libg.a(lib_a-locale.o)
                                  0xd (size before relaxing)
 *fill*         0x0800e20e        0x2 
 .rodata.str1.4
                0x0800e210        0x2 c:/programdata/gcc-arm-none-eabi-10.3-2021.10/bin/../lib/gcc/arm-none-eabi/10.3.1/../../../../arm-none-eabi/lib/thumb/v7e-m/nofp\libg.a(lib_a-locale.o)
 .rodata._vfiprintf_r.str1.4
                0x0800e212       0x2f c:/programdata/gcc-arm-none-eabi-10.3-2021.10/bin/../lib/gcc/arm-none-eabi/10.3.1/../../../../arm-none-eabi/lib/thumb/v7e-m/nofp\libg.a(lib_a-vfiprintf.o)
 *fill*         0x0800e212        0x2 
 .rodata.blanks.1
                0x0800e214       0x10 c:/programdata/gcc-arm-none-eabi-10.3-2021.10/bin/../lib/gcc/arm-none-eabi/10.3.1/../../../../arm-none-eabi/lib/thumb/v7e-m/nofp\libg.a(lib_a-vfiprintf.o)
 .rodata.zeroes.0
                0x0800e224       0x10 c:/programdata/gcc-arm-none-eabi-10.3-2021.10/bin/../lib/gcc/arm-none-eabi/10.3.1/../../../../arm-none-eabi/lib/thumb/v7e-m/nofp\libg.a(lib_a-vfiprintf.o)
 .rodata._ctype_
                0x0800e234      0x101 c:/programdata/gcc-arm-none-eabi-10.3-2021.10/bin/../lib/gcc/arm-none-eabi/10.3.1/../../../../arm-none-eabi/lib/thumb/v7e-m/nofp\libg.a(lib_a-ctype_.o)
                0x0800e234                _ctype_
                0x0800e338                . = ALIGN (0x4)
 *fill*         0x0800e335        0x3 

.ARM.extab
 *(.ARM.extab* .gnu.linkonce.armextab.*)

.ARM            0x0800e338        0x8
                0x0800e338                __exidx_start = .
 *(.ARM.exidx*)
 .ARM.exidx     0x0800e338        0x8 c:/programdata/gcc-arm-none-eabi-10.3-2021.10/bin/../lib/gcc/arm-none-eabi/10.3.1/thumb/v7e-m/nofp\libgcc.a(_udivmoddi4.o)
                0x0800e340                __exidx_end = .

.rel.dyn        0x0800e340        0x0
 .rel.iplt      0x0800e340        0x0 c:/programdata/gcc-arm-none-eabi-10.3-2021.10/bin/../lib/gcc/arm-none-eabi/10.3.1/thumb/v7e-m/nofp/crtbegin.o

.preinit_array  0x0800e340        0x0
                0x0800e340                PROVIDE (__preinit_array_start = .)
 *(.preinit_array*)
                0x0800e340                PROVIDE (__preinit_array_end = .)

.init_array     0x0800e340        0x8
                0x0800e340                PROVIDE (__init_array_start = .)
 *(SORT_BY_NAME(.init_array.*))
 .init_array.00000
                0x0800e340        0x4 c:/programdata/gcc-arm-none-eabi-10.3-2021.10/bin/../lib/gcc/arm-none-eabi/10.3.1/../../../../arm-none-eabi/lib/thumb/v7e-m/nofp\libg.a(lib_a-__call_atexit.o)
 *(.init_array*)
 .init_array    0x0800e344        0x4 c:/programdata/gcc-arm-none-eabi-10.3-2021.10/bin/../lib/gcc/arm-none-eabi/10.3.1/thumb/v7e-m/nofp/crtbegin.o
                0x0800e348                PROVIDE (__init_array_end = .)

.fini_array     0x0800e348        0x4
                0x0800e348                PROVIDE (__fini_array_start = .)
 *(SORT_BY_NAME(.fini_array.*))
 *(.fini_array*)
 .fini_array    0x0800e348        0x4 c:/programdata/gcc-arm-none-eabi-10.3-2021.10/bin/../lib/gcc/arm-none-eabi/10.3.1/thumb/v7e-m/nofp/crtbegin.o
                0x0800e34c                PROVIDE (__fini_array_end = .)
                0x0800e34c                _sidata = LOADADDR (.data)

.data           0x24000000      0x9c0 load address 0x0800e34c
                0x24000000                . = ALIGN (0x4)
                0x24000000                _sdata = .
 *(.data)
 *(.data*)
 .data.SystemCoreClock
                0x24000000        0x4 CMakeFiles/AD7606test.elf.dir/Core/Src/system_stm32h7xx.c.obj
                0x24000000                SystemCoreClock
 .data.SystemD2Clock
                0x24000004        0x4 CMakeFiles/AD7606test.elf.dir/Core/Src/system_stm32h7xx.c.obj
                0x24000004                SystemD2Clock
 .data.uwTickFreq
                0x24000008        0x1 CMakeFiles/AD7606test.elf.dir/Drivers/STM32H7xx_HAL_Driver/Src/stm32h7xx_hal.c.obj
                0x24000008                uwTickFreq
 *fill*         0x24000009        0x3 
 .data.uwTickPrio
                0x2400000c        0x4 CMakeFiles/AD7606test.elf.dir/Drivers/STM32H7xx_HAL_Driver/Src/stm32h7xx_hal.c.obj
                0x2400000c                uwTickPrio
 .data._impure_ptr
                0x24000010        0x4 c:/programdata/gcc-arm-none-eabi-10.3-2021.10/bin/../lib/gcc/arm-none-eabi/10.3.1/../../../../arm-none-eabi/lib/thumb/v7e-m/nofp\libg.a(lib_a-impure.o)
                0x24000010                _impure_ptr
 *fill*         0x24000014        0x4 
 .data.impure_data
                0x24000018      0x428 c:/programdata/gcc-arm-none-eabi-10.3-2021.10/bin/../lib/gcc/arm-none-eabi/10.3.1/../../../../arm-none-eabi/lib/thumb/v7e-m/nofp\libg.a(lib_a-impure.o)
 .data.__malloc_av_
                0x24000440      0x408 c:/programdata/gcc-arm-none-eabi-10.3-2021.10/bin/../lib/gcc/arm-none-eabi/10.3.1/../../../../arm-none-eabi/lib/thumb/v7e-m/nofp\libg.a(lib_a-mallocr.o)
                0x24000440                __malloc_av_
 .data.__malloc_sbrk_base
                0x24000848        0x4 c:/programdata/gcc-arm-none-eabi-10.3-2021.10/bin/../lib/gcc/arm-none-eabi/10.3.1/../../../../arm-none-eabi/lib/thumb/v7e-m/nofp\libg.a(lib_a-mallocr.o)
                0x24000848                __malloc_sbrk_base
 .data.__malloc_trim_threshold
                0x2400084c        0x4 c:/programdata/gcc-arm-none-eabi-10.3-2021.10/bin/../lib/gcc/arm-none-eabi/10.3.1/../../../../arm-none-eabi/lib/thumb/v7e-m/nofp\libg.a(lib_a-mallocr.o)
                0x2400084c                __malloc_trim_threshold
 .data.__atexit_recursive_mutex
                0x24000850        0x4 c:/programdata/gcc-arm-none-eabi-10.3-2021.10/bin/../lib/gcc/arm-none-eabi/10.3.1/../../../../arm-none-eabi/lib/thumb/v7e-m/nofp\libg.a(lib_a-__call_atexit.o)
                0x24000850                __atexit_recursive_mutex
 .data.__global_locale
                0x24000854      0x16c c:/programdata/gcc-arm-none-eabi-10.3-2021.10/bin/../lib/gcc/arm-none-eabi/10.3.1/../../../../arm-none-eabi/lib/thumb/v7e-m/nofp\libg.a(lib_a-locale.o)
                0x24000854                __global_locale
 *(.RamFunc)
 *(.RamFunc*)
                0x240009c0                . = ALIGN (0x4)
                0x240009c0                _edata = .

.igot.plt       0x240009c0        0x0 load address 0x0800ed0c
 .igot.plt      0x240009c0        0x0 c:/programdata/gcc-arm-none-eabi-10.3-2021.10/bin/../lib/gcc/arm-none-eabi/10.3.1/thumb/v7e-m/nofp/crtbegin.o
                0x240009c0                . = ALIGN (0x4)

.bss            0x240009c0     0x439c load address 0x0800ed0c
                0x240009c0                _sbss = .
                0x240009c0                __bss_start__ = _sbss
 *(.bss)
 .bss           0x240009c0       0x1c c:/programdata/gcc-arm-none-eabi-10.3-2021.10/bin/../lib/gcc/arm-none-eabi/10.3.1/thumb/v7e-m/nofp/crtbegin.o
 *(.bss*)
 .bss.g_tft_handles
                0x240009dc       0x10 CMakeFiles/AD7606test.elf.dir/Core/Src/TFTc/TFT_io.c.obj
 .bss.ad7606Buff
                0x240009ec     0x4000 CMakeFiles/AD7606test.elf.dir/Core/Src/main.c.obj
                0x240009ec                ad7606Buff
 .bss.ad7606SamplingDoneFlag
                0x240049ec        0x1 CMakeFiles/AD7606test.elf.dir/Core/Src/main.c.obj
                0x240049ec                ad7606SamplingDoneFlag
 *fill*         0x240049ed        0x3 
 .bss.cnt       0x240049f0        0x4 CMakeFiles/AD7606test.elf.dir/Core/Src/main.c.obj
                0x240049f0                cnt
 .bss.htft1     0x240049f4       0x34 CMakeFiles/AD7606test.elf.dir/Core/Src/main.c.obj
                0x240049f4                htft1
 .bss.nums      0x24004a28        0x2 CMakeFiles/AD7606test.elf.dir/Core/Src/main.c.obj
                0x24004a28                nums
 *fill*         0x24004a2a        0x2 
 .bss.processingData
                0x24004a2c        0x4 CMakeFiles/AD7606test.elf.dir/Core/Src/main.c.obj
                0x24004a2c                processingData
 .bss.str1      0x24004a30       0x32 CMakeFiles/AD7606test.elf.dir/Core/Src/main.c.obj
                0x24004a30                str1
 *fill*         0x24004a62        0x2 
 .bss.str2      0x24004a64       0x32 CMakeFiles/AD7606test.elf.dir/Core/Src/main.c.obj
                0x24004a64                str2
 *fill*         0x24004a96        0x2 
 .bss.str3      0x24004a98       0x32 CMakeFiles/AD7606test.elf.dir/Core/Src/main.c.obj
                0x24004a98                str3
 *fill*         0x24004aca        0x2 
 .bss.temp      0x24004acc        0x4 CMakeFiles/AD7606test.elf.dir/Core/Src/myAD7606.c.obj
                0x24004acc                temp
 .bss.hspi2     0x24004ad0       0x88 CMakeFiles/AD7606test.elf.dir/Core/Src/spi.c.obj
                0x24004ad0                hspi2
 .bss.hspi3     0x24004b58       0x88 CMakeFiles/AD7606test.elf.dir/Core/Src/spi.c.obj
                0x24004b58                hspi3
 .bss.__sbrk_heap_end
                0x24004be0        0x4 CMakeFiles/AD7606test.elf.dir/Core/Src/sysmem.c.obj
 .bss.htim3     0x24004be4       0x4c CMakeFiles/AD7606test.elf.dir/Core/Src/tim.c.obj
                0x24004be4                htim3
 .bss.htim4     0x24004c30       0x4c CMakeFiles/AD7606test.elf.dir/Core/Src/tim.c.obj
                0x24004c30                htim4
 .bss.huart1    0x24004c7c       0x94 CMakeFiles/AD7606test.elf.dir/Core/Src/usart.c.obj
                0x24004c7c                huart1
 .bss.uwTick    0x24004d10        0x4 CMakeFiles/AD7606test.elf.dir/Drivers/STM32H7xx_HAL_Driver/Src/stm32h7xx_hal.c.obj
                0x24004d10                uwTick
 .bss.__malloc_current_mallinfo
                0x24004d14       0x28 c:/programdata/gcc-arm-none-eabi-10.3-2021.10/bin/../lib/gcc/arm-none-eabi/10.3.1/../../../../arm-none-eabi/lib/thumb/v7e-m/nofp\libg.a(lib_a-mallocr.o)
                0x24004d14                __malloc_current_mallinfo
 .bss.__malloc_max_sbrked_mem
                0x24004d3c        0x4 c:/programdata/gcc-arm-none-eabi-10.3-2021.10/bin/../lib/gcc/arm-none-eabi/10.3.1/../../../../arm-none-eabi/lib/thumb/v7e-m/nofp\libg.a(lib_a-mallocr.o)
                0x24004d3c                __malloc_max_sbrked_mem
 .bss.__malloc_max_total_mem
                0x24004d40        0x4 c:/programdata/gcc-arm-none-eabi-10.3-2021.10/bin/../lib/gcc/arm-none-eabi/10.3.1/../../../../arm-none-eabi/lib/thumb/v7e-m/nofp\libg.a(lib_a-mallocr.o)
                0x24004d40                __malloc_max_total_mem
 .bss.__malloc_top_pad
                0x24004d44        0x4 c:/programdata/gcc-arm-none-eabi-10.3-2021.10/bin/../lib/gcc/arm-none-eabi/10.3.1/../../../../arm-none-eabi/lib/thumb/v7e-m/nofp\libg.a(lib_a-mallocr.o)
                0x24004d44                __malloc_top_pad
 .bss.__lock___atexit_recursive_mutex
                0x24004d48        0x1 c:/programdata/gcc-arm-none-eabi-10.3-2021.10/bin/../lib/gcc/arm-none-eabi/10.3.1/../../../../arm-none-eabi/lib/thumb/v7e-m/nofp\libg.a(lib_a-lock.o)
                0x24004d48                __lock___atexit_recursive_mutex
 *fill*         0x24004d49        0x3 
 .bss.__lock___malloc_recursive_mutex
                0x24004d4c        0x1 c:/programdata/gcc-arm-none-eabi-10.3-2021.10/bin/../lib/gcc/arm-none-eabi/10.3.1/../../../../arm-none-eabi/lib/thumb/v7e-m/nofp\libg.a(lib_a-lock.o)
                0x24004d4c                __lock___malloc_recursive_mutex
 *fill*         0x24004d4d        0x3 
 .bss.__lock___sfp_recursive_mutex
                0x24004d50        0x1 c:/programdata/gcc-arm-none-eabi-10.3-2021.10/bin/../lib/gcc/arm-none-eabi/10.3.1/../../../../arm-none-eabi/lib/thumb/v7e-m/nofp\libg.a(lib_a-lock.o)
                0x24004d50                __lock___sfp_recursive_mutex
 *fill*         0x24004d51        0x3 
 .bss.__lock___sinit_recursive_mutex
                0x24004d54        0x1 c:/programdata/gcc-arm-none-eabi-10.3-2021.10/bin/../lib/gcc/arm-none-eabi/10.3.1/../../../../arm-none-eabi/lib/thumb/v7e-m/nofp\libg.a(lib_a-lock.o)
                0x24004d54                __lock___sinit_recursive_mutex
 *fill*         0x24004d55        0x3 
 .bss.errno     0x24004d58        0x4 c:/programdata/gcc-arm-none-eabi-10.3-2021.10/bin/../lib/gcc/arm-none-eabi/10.3.1/../../../../arm-none-eabi/lib/thumb/v7e-m/nofp\libg.a(lib_a-reent.o)
                0x24004d58                errno
 *(COMMON)
                0x24004d5c                . = ALIGN (0x4)
                0x24004d5c                _ebss = .
                0x24004d5c                __bss_end__ = _ebss

._user_heap_stack
                0x24004d5c      0x604 load address 0x0800ed0c
                0x24004d60                . = ALIGN (0x8)
 *fill*         0x24004d5c        0x4 
                [!provide]                PROVIDE (end = .)
                0x24004d60                PROVIDE (_end = .)
                0x24004f60                . = (. + _Min_Heap_Size)
 *fill*         0x24004d60      0x200 
                0x24005360                . = (. + _Min_Stack_Size)
 *fill*         0x24004f60      0x400 
                0x24005360                . = ALIGN (0x8)

/DISCARD/
 libc.a(*)
 libm.a(*)
 libgcc.a(*)

.ARM.attributes
                0x00000000       0x2a
 *(.ARM.attributes)
 .ARM.attributes
                0x00000000       0x1e c:/programdata/gcc-arm-none-eabi-10.3-2021.10/bin/../lib/gcc/arm-none-eabi/10.3.1/thumb/v7e-m/nofp/crti.o
 .ARM.attributes
                0x0000001e       0x2e c:/programdata/gcc-arm-none-eabi-10.3-2021.10/bin/../lib/gcc/arm-none-eabi/10.3.1/thumb/v7e-m/nofp/crtbegin.o
 .ARM.attributes
                0x0000004c       0x2e CMakeFiles/AD7606test.elf.dir/Core/Src/TFTc/TFT_CAD.c.obj
 .ARM.attributes
                0x0000007a       0x2e CMakeFiles/AD7606test.elf.dir/Core/Src/TFTc/TFT_init.c.obj
 .ARM.attributes
                0x000000a8       0x2e CMakeFiles/AD7606test.elf.dir/Core/Src/TFTc/TFT_io.c.obj
 .ARM.attributes
                0x000000d6       0x2e CMakeFiles/AD7606test.elf.dir/Core/Src/TFTc/TFT_text.c.obj
 .ARM.attributes
                0x00000104       0x2e CMakeFiles/AD7606test.elf.dir/Core/Src/TFTc/font.c.obj
 .ARM.attributes
                0x00000132       0x2e CMakeFiles/AD7606test.elf.dir/Core/Src/gpio.c.obj
 .ARM.attributes
                0x00000160       0x2e CMakeFiles/AD7606test.elf.dir/Core/Src/main.c.obj
 .ARM.attributes
                0x0000018e       0x2e CMakeFiles/AD7606test.elf.dir/Core/Src/myAD7606.c.obj
 .ARM.attributes
                0x000001bc       0x2e CMakeFiles/AD7606test.elf.dir/Core/Src/spi.c.obj
 .ARM.attributes
                0x000001ea       0x2e CMakeFiles/AD7606test.elf.dir/Core/Src/stm32h7xx_hal_msp.c.obj
 .ARM.attributes
                0x00000218       0x2e CMakeFiles/AD7606test.elf.dir/Core/Src/stm32h7xx_it.c.obj
 .ARM.attributes
                0x00000246       0x2e CMakeFiles/AD7606test.elf.dir/Core/Src/syscalls.c.obj
 .ARM.attributes
                0x00000274       0x2e CMakeFiles/AD7606test.elf.dir/Core/Src/sysmem.c.obj
 .ARM.attributes
                0x000002a2       0x2e CMakeFiles/AD7606test.elf.dir/Core/Src/system_stm32h7xx.c.obj
 .ARM.attributes
                0x000002d0       0x2e CMakeFiles/AD7606test.elf.dir/Core/Src/tim.c.obj
 .ARM.attributes
                0x000002fe       0x2e CMakeFiles/AD7606test.elf.dir/Core/Src/usart.c.obj
 .ARM.attributes
                0x0000032c       0x21 CMakeFiles/AD7606test.elf.dir/Core/Startup/startup_stm32h743vitx.s.obj
 .ARM.attributes
                0x0000034d       0x2e CMakeFiles/AD7606test.elf.dir/Drivers/STM32H7xx_HAL_Driver/Src/stm32h7xx_hal.c.obj
 .ARM.attributes
                0x0000037b       0x2e CMakeFiles/AD7606test.elf.dir/Drivers/STM32H7xx_HAL_Driver/Src/stm32h7xx_hal_cortex.c.obj
 .ARM.attributes
                0x000003a9       0x2e CMakeFiles/AD7606test.elf.dir/Drivers/STM32H7xx_HAL_Driver/Src/stm32h7xx_hal_dma.c.obj
 .ARM.attributes
                0x000003d7       0x2e CMakeFiles/AD7606test.elf.dir/Drivers/STM32H7xx_HAL_Driver/Src/stm32h7xx_hal_gpio.c.obj
 .ARM.attributes
                0x00000405       0x2e CMakeFiles/AD7606test.elf.dir/Drivers/STM32H7xx_HAL_Driver/Src/stm32h7xx_hal_pwr_ex.c.obj
 .ARM.attributes
                0x00000433       0x2e CMakeFiles/AD7606test.elf.dir/Drivers/STM32H7xx_HAL_Driver/Src/stm32h7xx_hal_rcc.c.obj
 .ARM.attributes
                0x00000461       0x2e CMakeFiles/AD7606test.elf.dir/Drivers/STM32H7xx_HAL_Driver/Src/stm32h7xx_hal_rcc_ex.c.obj
 .ARM.attributes
                0x0000048f       0x2e CMakeFiles/AD7606test.elf.dir/Drivers/STM32H7xx_HAL_Driver/Src/stm32h7xx_hal_spi.c.obj
 .ARM.attributes
                0x000004bd       0x2e CMakeFiles/AD7606test.elf.dir/Drivers/STM32H7xx_HAL_Driver/Src/stm32h7xx_hal_tim.c.obj
 .ARM.attributes
                0x000004eb       0x2e CMakeFiles/AD7606test.elf.dir/Drivers/STM32H7xx_HAL_Driver/Src/stm32h7xx_hal_tim_ex.c.obj
 .ARM.attributes
                0x00000519       0x2e CMakeFiles/AD7606test.elf.dir/Drivers/STM32H7xx_HAL_Driver/Src/stm32h7xx_hal_uart.c.obj
 .ARM.attributes
                0x00000547       0x2e CMakeFiles/AD7606test.elf.dir/Drivers/STM32H7xx_HAL_Driver/Src/stm32h7xx_hal_uart_ex.c.obj
 .ARM.attributes
                0x00000575       0x1e c:/programdata/gcc-arm-none-eabi-10.3-2021.10/bin/../lib/gcc/arm-none-eabi/10.3.1/thumb/v7e-m/nofp\libgcc.a(_arm_addsubdf3.o)
 .ARM.attributes
                0x00000593       0x1e c:/programdata/gcc-arm-none-eabi-10.3-2021.10/bin/../lib/gcc/arm-none-eabi/10.3.1/thumb/v7e-m/nofp\libgcc.a(_arm_truncdfsf2.o)
 .ARM.attributes
                0x000005b1       0x1e c:/programdata/gcc-arm-none-eabi-10.3-2021.10/bin/../lib/gcc/arm-none-eabi/10.3.1/thumb/v7e-m/nofp\libgcc.a(_arm_addsubsf3.o)
 .ARM.attributes
                0x000005cf       0x1e c:/programdata/gcc-arm-none-eabi-10.3-2021.10/bin/../lib/gcc/arm-none-eabi/10.3.1/thumb/v7e-m/nofp\libgcc.a(_arm_muldivsf3.o)
 .ARM.attributes
                0x000005ed       0x1e c:/programdata/gcc-arm-none-eabi-10.3-2021.10/bin/../lib/gcc/arm-none-eabi/10.3.1/thumb/v7e-m/nofp\libgcc.a(_arm_fixunssfsi.o)
 .ARM.attributes
                0x0000060b       0x1e c:/programdata/gcc-arm-none-eabi-10.3-2021.10/bin/../lib/gcc/arm-none-eabi/10.3.1/thumb/v7e-m/nofp\libgcc.a(_aeabi_uldivmod.o)
 .ARM.attributes
                0x00000629       0x2e c:/programdata/gcc-arm-none-eabi-10.3-2021.10/bin/../lib/gcc/arm-none-eabi/10.3.1/thumb/v7e-m/nofp\libgcc.a(_udivmoddi4.o)
 .ARM.attributes
                0x00000657       0x1e c:/programdata/gcc-arm-none-eabi-10.3-2021.10/bin/../lib/gcc/arm-none-eabi/10.3.1/thumb/v7e-m/nofp\libgcc.a(_dvmd_tls.o)
 .ARM.attributes
                0x00000675       0x2e c:/programdata/gcc-arm-none-eabi-10.3-2021.10/bin/../lib/gcc/arm-none-eabi/10.3.1/../../../../arm-none-eabi/lib/thumb/v7e-m/nofp\libg.a(lib_a-errno.o)
 .ARM.attributes
                0x000006a3       0x2e c:/programdata/gcc-arm-none-eabi-10.3-2021.10/bin/../lib/gcc/arm-none-eabi/10.3.1/../../../../arm-none-eabi/lib/thumb/v7e-m/nofp\libg.a(lib_a-impure.o)
 .ARM.attributes
                0x000006d1       0x2e c:/programdata/gcc-arm-none-eabi-10.3-2021.10/bin/../lib/gcc/arm-none-eabi/10.3.1/../../../../arm-none-eabi/lib/thumb/v7e-m/nofp\libg.a(lib_a-init.o)
 .ARM.attributes
                0x000006ff       0x2e c:/programdata/gcc-arm-none-eabi-10.3-2021.10/bin/../lib/gcc/arm-none-eabi/10.3.1/../../../../arm-none-eabi/lib/thumb/v7e-m/nofp\libg.a(lib_a-malloc.o)
 .ARM.attributes
                0x0000072d       0x2e c:/programdata/gcc-arm-none-eabi-10.3-2021.10/bin/../lib/gcc/arm-none-eabi/10.3.1/../../../../arm-none-eabi/lib/thumb/v7e-m/nofp\libg.a(lib_a-mallocr.o)
 .ARM.attributes